Archive member included to satisfy reference by file (symbol)

/Applications/STM32CubeIDE.app/Contents/Eclipse/plugins/com.st.stm32cube.ide.mcu.externaltools.gnu-tools-for-stm32.12.3.rel1.macos64_1.0.200.202406191456/tools/bin/../lib/gcc/arm-none-eabi/12.3.1/../../../../arm-none-eabi/lib/thumb/v7e-m+fp/hard/libc_nano.a(libc_a-exit.o)
                              /Applications/STM32CubeIDE.app/Contents/Eclipse/plugins/com.st.stm32cube.ide.mcu.externaltools.gnu-tools-for-stm32.12.3.rel1.macos64_1.0.200.202406191456/tools/bin/../lib/gcc/arm-none-eabi/12.3.1/../../../../arm-none-eabi/lib/thumb/v7e-m+fp/hard/crt0.o (exit)
/Applications/STM32CubeIDE.app/Contents/Eclipse/plugins/com.st.stm32cube.ide.mcu.externaltools.gnu-tools-for-stm32.12.3.rel1.macos64_1.0.200.202406191456/tools/bin/../lib/gcc/arm-none-eabi/12.3.1/../../../../arm-none-eabi/lib/thumb/v7e-m+fp/hard/libc_nano.a(libc_a-findfp.o)
                              /Applications/STM32CubeIDE.app/Contents/Eclipse/plugins/com.st.stm32cube.ide.mcu.externaltools.gnu-tools-for-stm32.12.3.rel1.macos64_1.0.200.202406191456/tools/bin/../lib/gcc/arm-none-eabi/12.3.1/../../../../arm-none-eabi/lib/thumb/v7e-m+fp/hard/libc_nano.a(libc_a-exit.o) (__stdio_exit_handler)
/Applications/STM32CubeIDE.app/Contents/Eclipse/plugins/com.st.stm32cube.ide.mcu.externaltools.gnu-tools-for-stm32.12.3.rel1.macos64_1.0.200.202406191456/tools/bin/../lib/gcc/arm-none-eabi/12.3.1/../../../../arm-none-eabi/lib/thumb/v7e-m+fp/hard/libc_nano.a(libc_a-fwalk.o)
                              /Applications/STM32CubeIDE.app/Contents/Eclipse/plugins/com.st.stm32cube.ide.mcu.externaltools.gnu-tools-for-stm32.12.3.rel1.macos64_1.0.200.202406191456/tools/bin/../lib/gcc/arm-none-eabi/12.3.1/../../../../arm-none-eabi/lib/thumb/v7e-m+fp/hard/libc_nano.a(libc_a-findfp.o) (_fwalk_sglue)
/Applications/STM32CubeIDE.app/Contents/Eclipse/plugins/com.st.stm32cube.ide.mcu.externaltools.gnu-tools-for-stm32.12.3.rel1.macos64_1.0.200.202406191456/tools/bin/../lib/gcc/arm-none-eabi/12.3.1/../../../../arm-none-eabi/lib/thumb/v7e-m+fp/hard/libc_nano.a(libc_a-strchr.o)
                              ./Core/Src/gps_data_format.o (strchr)
/Applications/STM32CubeIDE.app/Contents/Eclipse/plugins/com.st.stm32cube.ide.mcu.externaltools.gnu-tools-for-stm32.12.3.rel1.macos64_1.0.200.202406191456/tools/bin/../lib/gcc/arm-none-eabi/12.3.1/../../../../arm-none-eabi/lib/thumb/v7e-m+fp/hard/libc_nano.a(libc_a-strncmp.o)
                              ./Core/Src/gps_data_processing.o (strncmp)
/Applications/STM32CubeIDE.app/Contents/Eclipse/plugins/com.st.stm32cube.ide.mcu.externaltools.gnu-tools-for-stm32.12.3.rel1.macos64_1.0.200.202406191456/tools/bin/../lib/gcc/arm-none-eabi/12.3.1/../../../../arm-none-eabi/lib/thumb/v7e-m+fp/hard/libc_nano.a(libc_a-memcmp.o)
                              ./common/ThirdParty/SEGGER/OS/SEGGER_SYSVIEW_FreeRTOS.o (memcmp)
/Applications/STM32CubeIDE.app/Contents/Eclipse/plugins/com.st.stm32cube.ide.mcu.externaltools.gnu-tools-for-stm32.12.3.rel1.macos64_1.0.200.202406191456/tools/bin/../lib/gcc/arm-none-eabi/12.3.1/../../../../arm-none-eabi/lib/thumb/v7e-m+fp/hard/libc_nano.a(libc_a-memset.o)
                              /Applications/STM32CubeIDE.app/Contents/Eclipse/plugins/com.st.stm32cube.ide.mcu.externaltools.gnu-tools-for-stm32.12.3.rel1.macos64_1.0.200.202406191456/tools/bin/../lib/gcc/arm-none-eabi/12.3.1/../../../../arm-none-eabi/lib/thumb/v7e-m+fp/hard/crt0.o (memset)
/Applications/STM32CubeIDE.app/Contents/Eclipse/plugins/com.st.stm32cube.ide.mcu.externaltools.gnu-tools-for-stm32.12.3.rel1.macos64_1.0.200.202406191456/tools/bin/../lib/gcc/arm-none-eabi/12.3.1/../../../../arm-none-eabi/lib/thumb/v7e-m+fp/hard/libc_nano.a(libc_a-impure.o)
                              /Applications/STM32CubeIDE.app/Contents/Eclipse/plugins/com.st.stm32cube.ide.mcu.externaltools.gnu-tools-for-stm32.12.3.rel1.macos64_1.0.200.202406191456/tools/bin/../lib/gcc/arm-none-eabi/12.3.1/../../../../arm-none-eabi/lib/thumb/v7e-m+fp/hard/libc_nano.a(libc_a-findfp.o) (_impure_data)
/Applications/STM32CubeIDE.app/Contents/Eclipse/plugins/com.st.stm32cube.ide.mcu.externaltools.gnu-tools-for-stm32.12.3.rel1.macos64_1.0.200.202406191456/tools/bin/../lib/gcc/arm-none-eabi/12.3.1/../../../../arm-none-eabi/lib/thumb/v7e-m+fp/hard/libc_nano.a(libc_a-errno.o)
                              ./Core/Src/syscalls.o (__errno)
/Applications/STM32CubeIDE.app/Contents/Eclipse/plugins/com.st.stm32cube.ide.mcu.externaltools.gnu-tools-for-stm32.12.3.rel1.macos64_1.0.200.202406191456/tools/bin/../lib/gcc/arm-none-eabi/12.3.1/../../../../arm-none-eabi/lib/thumb/v7e-m+fp/hard/libc_nano.a(libc_a-init.o)
                              /Applications/STM32CubeIDE.app/Contents/Eclipse/plugins/com.st.stm32cube.ide.mcu.externaltools.gnu-tools-for-stm32.12.3.rel1.macos64_1.0.200.202406191456/tools/bin/../lib/gcc/arm-none-eabi/12.3.1/../../../../arm-none-eabi/lib/thumb/v7e-m+fp/hard/crt0.o (__libc_init_array)
[...]
Memory Configuration

Name             Origin             Length             Attributes
CCMRAM           0x10000000         0x00010000         xrw
RAM              0x20000000         0x00020000         xrw
FLASH            0x08000000         0x00100000         xr
*default*        0x00000000         0xffffffff

Linker script and memory map

LOAD /Applications/STM32CubeIDE.app/Contents/Eclipse/plugins/com.st.stm32cube.ide.mcu.externaltools.gnu-tools-for-stm32.12.3.rel1.macos64_1.0.200.202406191456/tools/bin/../lib/gcc/arm-none-eabi/12.3.1/thumb/v7e-m+fp/hard/crti.o
LOAD /Applications/STM32CubeIDE.app/Contents/Eclipse/plugins/com.st.stm32cube.ide.mcu.externaltools.gnu-tools-for-stm32.12.3.rel1.macos64_1.0.200.202406191456/tools/bin/../lib/gcc/arm-none-eabi/12.3.1/thumb/v7e-m+fp/hard/crtbegin.o
LOAD /Applications/STM32CubeIDE.app/Contents/Eclipse/plugins/com.st.stm32cube.ide.mcu.externaltools.gnu-tools-for-stm32.12.3.rel1.macos64_1.0.200.202406191456/tools/bin/../lib/gcc/arm-none-eabi/12.3.1/../../../../arm-none-eabi/lib/thumb/v7e-m+fp/hard/crt0.o
LOAD ./Core/Src/STM32F407_I2C_LCD16x02_Driver.o
LOAD ./Core/Src/gps_data_extraction.o
LOAD ./Core/Src/gps_data_format.o
LOAD ./Core/Src/gps_data_processing.o
LOAD ./Core/Src/gps_test_data.o
LOAD ./Core/Src/main.o
LOAD ./Core/Src/stm32f4xx_hal_msp.o
LOAD ./Core/Src/stm32f4xx_hal_timebase_tim.o
LOAD ./Core/Src/stm32f4xx_it.o
LOAD ./Core/Src/syscalls.o
LOAD ./Core/Src/sysmem.o
LOAD ./Core/Src/system_stm32f4xx.o
LOAD ./Core/Startup/startup_stm32f407vgtx.o
LOAD ./Drivers/STM32F4xx_HAL_Driver/Src/stm32f4xx_hal.o
LOAD ./Drivers/STM32F4xx_HAL_Driver/Src/stm32f4xx_hal_cortex.o
LOAD ./Drivers/STM32F4xx_HAL_Driver/Src/stm32f4xx_hal_dma.o
LOAD ./Drivers/STM32F4xx_HAL_Driver/Src/stm32f4xx_hal_dma_ex.o
LOAD ./Drivers/STM32F4xx_HAL_Driver/Src/stm32f4xx_hal_exti.o
LOAD ./Drivers/STM32F4xx_HAL_Driver/Src/stm32f4xx_hal_flash.o
LOAD ./Drivers/STM32F4xx_HAL_Driver/Src/stm32f4xx_hal_flash_ex.o
LOAD ./Drivers/STM32F4xx_HAL_Driver/Src/stm32f4xx_hal_flash_ramfunc.o
LOAD ./Drivers/STM32F4xx_HAL_Driver/Src/stm32f4xx_hal_gpio.o
LOAD ./Drivers/STM32F4xx_HAL_Driver/Src/stm32f4xx_hal_i2c.o
LOAD ./Drivers/STM32F4xx_HAL_Driver/Src/stm32f4xx_hal_i2c_ex.o
LOAD ./Drivers/STM32F4xx_HAL_Driver/Src/stm32f4xx_hal_pwr.o
LOAD ./Drivers/STM32F4xx_HAL_Driver/Src/stm32f4xx_hal_pwr_ex.o
LOAD ./Drivers/STM32F4xx_HAL_Driver/Src/stm32f4xx_hal_rcc.o
LOAD ./Drivers/STM32F4xx_HAL_Driver/Src/stm32f4xx_hal_rcc_ex.o
LOAD ./Drivers/STM32F4xx_HAL_Driver/Src/stm32f4xx_hal_tim.o
LOAD ./Drivers/STM32F4xx_HAL_Driver/Src/stm32f4xx_hal_tim_ex.o
LOAD ./Drivers/STM32F4xx_HAL_Driver/Src/stm32f4xx_hal_uart.o
LOAD ./common/ThirdParty/FreeRTOS/croutine.o
LOAD ./common/ThirdParty/FreeRTOS/event_groups.o
LOAD ./common/ThirdParty/FreeRTOS/list.o
LOAD ./common/ThirdParty/FreeRTOS/queue.o
LOAD ./common/ThirdParty/FreeRTOS/stream_buffer.o
LOAD ./common/ThirdParty/FreeRTOS/tasks.o
LOAD ./common/ThirdParty/FreeRTOS/timers.o
LOAD ./common/ThirdParty/FreeRTOS/portable/GCC/ARM_CM4F/port.o
LOAD ./common/ThirdParty/FreeRTOS/portable/MemMang/heap_4.o
LOAD ./common/ThirdParty/SEGGER/Config/SEGGER_SYSVIEW_Config_FreeRTOS.o
LOAD ./common/ThirdParty/SEGGER/OS/SEGGER_SYSVIEW_FreeRTOS.o
LOAD ./common/ThirdParty/SEGGER/Rec/segger_uart.o
LOAD ./common/ThirdParty/SEGGER/SEGGER/SEGGER_RTT.o
LOAD ./common/ThirdParty/SEGGER/SEGGER/SEGGER_RTT_ASM_ARMv7M.o
LOAD ./common/ThirdParty/SEGGER/SEGGER/SEGGER_RTT_printf.o
LOAD ./common/ThirdParty/SEGGER/SEGGER/SEGGER_SYSVIEW.o
LOAD ./common/ThirdParty/SEGGER/SEGGER/Syscalls/SEGGER_RTT_Syscalls_GCC.o
START GROUP
LOAD /Applications/STM32CubeIDE.app/Contents/Eclipse/plugins/com.st.stm32cube.ide.mcu.externaltools.gnu-tools-for-stm32.12.3.rel1.macos64_1.0.200.202406191456/tools/bin/../lib/gcc/arm-none-eabi/12.3.1/../../../../arm-none-eabi/lib/thumb/v7e-m+fp/hard/libc_nano.a
LOAD /Applications/STM32CubeIDE.app/Contents/Eclipse/plugins/com.st.stm32cube.ide.mcu.externaltools.gnu-tools-for-stm32.12.3.rel1.macos64_1.0.200.202406191456/tools/bin/../lib/gcc/arm-none-eabi/12.3.1/../../../../arm-none-eabi/lib/thumb/v7e-m+fp/hard/libm.a
END GROUP
START GROUP
LOAD /Applications/STM32CubeIDE.app/Contents/Eclipse/plugins/com.st.stm32cube.ide.mcu.externaltools.gnu-tools-for-stm32.12.3.rel1.macos64_1.0.200.202406191456/tools/bin/../lib/gcc/arm-none-eabi/12.3.1/thumb/v7e-m+fp/hard/libgcc.a
LOAD /Applications/STM32CubeIDE.app/Contents/Eclipse/plugins/com.st.stm32cube.ide.mcu.externaltools.gnu-tools-for-stm32.12.3.rel1.macos64_1.0.200.202406191456/tools/bin/../lib/gcc/arm-none-eabi/12.3.1/../../../../arm-none-eabi/lib/thumb/v7e-m+fp/hard/libc_nano.a
END GROUP
START GROUP
LOAD /Applications/STM32CubeIDE.app/Contents/Eclipse/plugins/com.st.stm32cube.ide.mcu.externaltools.gnu-tools-for-stm32.12.3.rel1.macos64_1.0.200.202406191456/tools/bin/../lib/gcc/arm-none-eabi/12.3.1/thumb/v7e-m+fp/hard/libgcc.a
LOAD /Applications/STM32CubeIDE.app/Contents/Eclipse/plugins/com.st.stm32cube.ide.mcu.externaltools.gnu-tools-for-stm32.12.3.rel1.macos64_1.0.200.202406191456/tools/bin/../lib/gcc/arm-none-eabi/12.3.1/../../../../arm-none-eabi/lib/thumb/v7e-m+fp/hard/libc_nano.a
LOAD /Applications/STM32CubeIDE.app/Contents/Eclipse/plugins/com.st.stm32cube.ide.mcu.externaltools.gnu-tools-for-stm32.12.3.rel1.macos64_1.0.200.202406191456/tools/bin/../lib/gcc/arm-none-eabi/12.3.1/../../../../arm-none-eabi/lib/thumb/v7e-m+fp/hard/libnosys.a
END GROUP
START GROUP
LOAD /Applications/STM32CubeIDE.app/Contents/Eclipse/plugins/com.st.stm32cube.ide.mcu.externaltools.gnu-tools-for-stm32.12.3.rel1.macos64_1.0.200.202406191456/tools/bin/../lib/gcc/arm-none-eabi/12.3.1/thumb/v7e-m+fp/hard/libgcc.a
LOAD /Applications/STM32CubeIDE.app/Contents/Eclipse/plugins/com.st.stm32cube.ide.mcu.externaltools.gnu-tools-for-stm32.12.3.rel1.macos64_1.0.200.202406191456/tools/bin/../lib/gcc/arm-none-eabi/12.3.1/../../../../arm-none-eabi/lib/thumb/v7e-m+fp/hard/libc_nano.a
LOAD /Applications/STM32CubeIDE.app/Contents/Eclipse/plugins/com.st.stm32cube.ide.mcu.externaltools.gnu-tools-for-stm32.12.3.rel1.macos64_1.0.200.202406191456/tools/bin/../lib/gcc/arm-none-eabi/12.3.1/../../../../arm-none-eabi/lib/thumb/v7e-m+fp/hard/libnosys.a
END GROUP
LOAD /Applications/STM32CubeIDE.app/Contents/Eclipse/plugins/com.st.stm32cube.ide.mcu.externaltools.gnu-tools-for-stm32.12.3.rel1.macos64_1.0.200.202406191456/tools/bin/../lib/gcc/arm-none-eabi/12.3.1/thumb/v7e-m+fp/hard/crtend.o
LOAD /Applications/STM32CubeIDE.app/Contents/Eclipse/plugins/com.st.stm32cube.ide.mcu.externaltools.gnu-tools-for-stm32.12.3.rel1.macos64_1.0.200.202406191456/tools/bin/../lib/gcc/arm-none-eabi/12.3.1/thumb/v7e-m+fp/hard/crtn.o
                0x20020000                        _estack = (ORIGIN (RAM) + LENGTH (RAM))
                0x00000200                        _Min_Heap_Size = 0x200
                0x00000400                        _Min_Stack_Size = 0x400

.isr_vector     0x08000000      0x188
                0x08000000                        . = ALIGN (0x4)
 *(.isr_vector)
 .isr_vector    0x08000000      0x188 ./Core/Startup/startup_stm32f407vgtx.o
                0x08000000                g_pfnVectors
                0x08000188                        . = ALIGN (0x4)

.text           0x08000190     0xa868
                0x08000190                        . = ALIGN (0x4)
 *(.text)
 .text          0x08000190       0x40 /Applications/STM32CubeIDE.app/Contents/Eclipse/plugins/com.st.stm32cube.ide.mcu.externaltools.gnu-tools-for-stm32.12.3.rel1.macos64_1.0.200.202406191456/tools/bin/../lib/gcc/arm-none-eabi/12.3.1/thumb/v7e-m+fp/hard/crtbegin.o
 .text          0x080001d0       0x94 ./common/ThirdParty/SEGGER/SEGGER/SEGGER_RTT_ASM_ARMv7M.o
                0x080001d0                SEGGER_RTT_ASM_WriteSkipNoLock
 .text          0x08000264       0x10 /Applications/STM32CubeIDE.app/Contents/Eclipse/plugins/com.st.stm32cube.ide.mcu.externaltools.gnu-tools-for-stm32.12.3.rel1.macos64_1.0.200.202406191456/tools/bin/../lib/gcc/arm-none-eabi/12.3.1/../../../../arm-none-eabi/lib/thumb/v7e-m+fp/hard/libc_nano.a(libc_a-strlen.o)
                0x08000264                strlen
 .text          0x08000274      0x378 /Applications/STM32CubeIDE.app/Contents/Eclipse/plugins/com.st.stm32cube.ide.mcu.externaltools.gnu-tools-for-stm32.12.3.rel1.macos64_1.0.200.202406191456/tools/bin/../lib/gcc/arm-none-eabi/12.3.1/thumb/v7e-m+fp/hard/libgcc.a(_arm_addsubdf3.o)
                0x08000274                __aeabi_drsub
                0x0800027c                __subdf3
                0x0800027c                __aeabi_dsub
                0x08000280                __aeabi_dadd
                0x08000280                __adddf3
                0x080004f8                __aeabi_ui2d
                0x080004f8                __floatunsidf
                0x08000518                __floatsidf
                0x08000518                __aeabi_i2d
                0x0800053c                __extendsfdf2
                0x0800053c                __aeabi_f2d
                0x08000580                __aeabi_ul2d
                0x08000580                __floatundidf
                0x08000590                __aeabi_l2d
                0x08000590                __floatdidf
 .text          0x080005ec      0x424 /Applications/STM32CubeIDE.app/Contents/Eclipse/plugins/com.st.stm32cube.ide.mcu.externaltools.gnu-tools-for-stm32.12.3.rel1.macos64_1.0.200.202406191456/tools/bin/../lib/gcc/arm-none-eabi/12.3.1/thumb/v7e-m+fp/hard/libgcc.a(_arm_muldivdf3.o)
                0x080005ec                __aeabi_dmul
                0x080005ec                __muldf3
                0x08000840                __aeabi_ddiv
                0x08000840                __divdf3
 .text          0x08000a10       0x50 /Applications/STM32CubeIDE.app/Contents/Eclipse/plugins/com.st.stm32cube.ide.mcu.externaltools.gnu-tools-for-stm32.12.3.rel1.macos64_1.0.200.202406191456/tools/bin/../lib/gcc/arm-none-eabi/12.3.1/thumb/v7e-m+fp/hard/libgcc.a(_arm_fixdfsi.o)
                0x08000a10                __fixdfsi
                0x08000a10                __aeabi_d2iz
 .text          0x08000a60       0xa0 /Applications/STM32CubeIDE.app/Contents/Eclipse/plugins/com.st.stm32cube.ide.mcu.externaltools.gnu-tools-for-stm32.12.3.rel1.macos64_1.0.200.202406191456/tools/bin/../lib/gcc/arm-none-eabi/12.3.1/thumb/v7e-m+fp/hard/libgcc.a(_arm_truncdfsf2.o)
                0x08000a60                __aeabi_d2f
                0x08000a60                __truncdfsf2
 .text          0x08000b00       0x30 /Applications/STM32CubeIDE.app/Contents/Eclipse/plugins/com.st.stm32cube.ide.mcu.externaltools.gnu-tools-for-stm32.12.3.rel1.macos64_1.0.200.202406191456/tools/bin/../lib/gcc/arm-none-eabi/12.3.1/thumb/v7e-m+fp/hard/libgcc.a(_aeabi_uldivmod.o)
                0x08000b00                __aeabi_uldivmod
 .text          0x08000b30      0x2bc /Applications/STM32CubeIDE.app/Contents/Eclipse/plugins/com.st.stm32cube.ide.mcu.externaltools.gnu-tools-for-stm32.12.3.rel1.macos64_1.0.200.202406191456/tools/bin/../lib/gcc/arm-none-eabi/12.3.1/thumb/v7e-m+fp/hard/libgcc.a(_udivmoddi4.o)
                0x08000b30                __udivmoddi4
 .text          0x08000dec        0x4 /Applications/STM32CubeIDE.app/Contents/Eclipse/plugins/com.st.stm32cube.ide.mcu.externaltools.gnu-tools-for-stm32.12.3.rel1.macos64_1.0.200.202406191456/tools/bin/../lib/gcc/arm-none-eabi/12.3.1/thumb/v7e-m+fp/hard/libgcc.a(_dvmd_tls.o)
                0x08000dec                __aeabi_ldiv0
                0x08000dec                __aeabi_idiv0
 *(.text*)
 .text.I2C_Config
                0x08000df0       0x78 ./Core/Src/STM32F407_I2C_LCD16x02_Driver.o
 .text.LCD_Send_Cmd
                0x08000e68       0xa0 ./Core/Src/STM32F407_I2C_LCD16x02_Driver.o
                0x08000e68                LCD_Send_Cmd
 .text.LCD_Send_Data
                0x08000f08       0x9c ./Core/Src/STM32F407_I2C_LCD16x02_Driver.o
                0x08000f08                LCD_Send_Data
 .text.LCD_Init
                0x08000fa4       0x3c ./Core/Src/STM32F407_I2C_LCD16x02_Driver.o
                0x08000fa4                LCD_Init
 .text.LCD_Send_String
                0x08000fe0       0x2a ./Core/Src/STM32F407_I2C_LCD16x02_Driver.o
                0x08000fe0                LCD_Send_String
 *fill*         0x0800100a        0x2 
 .text.gps_data_extrac
                0x0800100c       0xf8 ./Core/Src/gps_data_extraction.o
                0x0800100c                gps_data_extrac
 .text.float_to_string
                0x08001104      0x140 ./Core/Src/gps_data_format.o
                0x08001104                float_to_string
 .text.truncate_to_6_decimal_places
                0x08001244       0x2c ./Core/Src/gps_data_format.o
                0x08001244                truncate_to_6_decimal_places
 .text.format_message
                0x08001270       0xc4 ./Core/Src/gps_data_format.o
                0x08001270                format_message
 .text.prv_parse_number
                0x08001334       0x98 ./Core/Src/gps_data_processing.o
 .text.prv_parse_float_number
                0x080013cc      0x164 ./Core/Src/gps_data_processing.o
 .text.prv_parse_lat_long
                0x08001530       0xa0 ./Core/Src/gps_data_processing.o
 .text.prv_parse_term
                0x080015d0      0x578 ./Core/Src/gps_data_processing.o
 .text.prv_check_crc
                0x08001b48      0x104 ./Core/Src/gps_data_processing.o
 .text.prv_copy_from_tmp_memory
                0x08001c4c      0x15a ./Core/Src/gps_data_processing.o
 .text.lwgps_init
                0x08001da6       0x1c ./Core/Src/gps_data_processing.o
                0x08001da6                lwgps_init
 .text.lwgps_process
                0x08001dc2      0x180 ./Core/Src/gps_data_processing.o
                0x08001dc2                lwgps_process
 *fill*         0x08001f42        0x2 
 .text.main     0x08001f44      0x1e4 ./Core/Src/main.o
                0x08001f44                main
 .text.SystemClock_Config
                0x08002128       0xd4 ./Core/Src/main.o
                0x08002128                SystemClock_Config
 .text.MX_I2C1_Init
                0x080021fc       0x5c ./Core/Src/main.o
 .text.MX_USART3_UART_Init
                0x08002258       0x54 ./Core/Src/main.o
 .text.MX_GPIO_Init
                0x080022ac      0x29c ./Core/Src/main.o
 .text.led_green_handler
                0x08002548       0x50 ./Core/Src/main.o
 .text.led_orange_handler
                0x08002598       0x3c ./Core/Src/main.o
 .text.led_red_handler
                0x080025d4       0x50 ./Core/Src/main.o
 .text.lcd_task_handler
                0x08002624       0x98 ./Core/Src/main.o
 .text.gps_data_receive_handler
                0x080026bc       0x60 ./Core/Src/main.o
 .text.gps_data_process_handler
                0x0800271c       0x40 ./Core/Src/main.o
 .text.HAL_UART_RxCpltCallback
                0x0800275c       0x5c ./Core/Src/main.o
                0x0800275c                HAL_UART_RxCpltCallback
 .text.clear_GPS_buffer
                0x080027b8       0x18 ./Core/Src/main.o
                0x080027b8                clear_GPS_buffer
 .text.HAL_TIM_PeriodElapsedCallback
                0x080027d0       0x24 ./Core/Src/main.o
                0x080027d0                HAL_TIM_PeriodElapsedCallback
 .text.Error_Handler
                0x080027f4        0xe ./Core/Src/main.o
                0x080027f4                Error_Handler
 *fill*         0x08002802        0x2 
 .text.HAL_MspInit
                0x08002804       0x50 ./Core/Src/stm32f4xx_hal_msp.o
                0x08002804                HAL_MspInit
 .text.HAL_I2C_MspInit
                0x08002854       0x90 ./Core/Src/stm32f4xx_hal_msp.o
                0x08002854                HAL_I2C_MspInit
 .text.HAL_UART_MspInit
                0x080028e4       0xa0 ./Core/Src/stm32f4xx_hal_msp.o
                0x080028e4                HAL_UART_MspInit
 .text.HAL_InitTick
                0x08002984       0xb4 ./Core/Src/stm32f4xx_hal_timebase_tim.o
                0x08002984                HAL_InitTick
 .text.NMI_Handler
                0x08002a38        0xe ./Core/Src/stm32f4xx_it.o
                0x08002a38                NMI_Handler
 .text.HardFault_Handler
                0x08002a46        0x8 ./Core/Src/stm32f4xx_it.o
                0x08002a46                HardFault_Handler
 .text.MemManage_Handler
                0x08002a4e        0x8 ./Core/Src/stm32f4xx_it.o
                0x08002a4e                MemManage_Handler
 .text.BusFault_Handler
                0x08002a56        0x8 ./Core/Src/stm32f4xx_it.o
                0x08002a56                BusFault_Handler
 .text.UsageFault_Handler
                0x08002a5e        0x8 ./Core/Src/stm32f4xx_it.o
                0x08002a5e                UsageFault_Handler
 .text.DebugMon_Handler
                0x08002a66        0xe ./Core/Src/stm32f4xx_it.o
                0x08002a66                DebugMon_Handler
 .text.USART3_IRQHandler
                0x08002a74       0x14 ./Core/Src/stm32f4xx_it.o
                0x08002a74                USART3_IRQHandler
 .text.TIM6_DAC_IRQHandler
                0x08002a88       0x14 ./Core/Src/stm32f4xx_it.o
                0x08002a88                TIM6_DAC_IRQHandler
 .text.SystemInit
                0x08002a9c       0x2c ./Core/Src/system_stm32f4xx.o
                0x08002a9c                SystemInit
 .text.Reset_Handler
                0x08002ac8       0x50 ./Core/Startup/startup_stm32f407vgtx.o
                0x08002ac8                Reset_Handler
 .text.Default_Handler
                0x08002b18        0x2 ./Core/Startup/startup_stm32f407vgtx.o
                0x08002b18                DMA1_Stream3_IRQHandler
                0x08002b18                HASH_RNG_IRQHandler
                0x08002b18                EXTI2_IRQHandler
                0x08002b18                TIM8_CC_IRQHandler
                0x08002b18                TIM1_CC_IRQHandler
                0x08002b18                DMA2_Stream5_IRQHandler
                0x08002b18                DMA1_Stream5_IRQHandler
                0x08002b18                PVD_IRQHandler
                0x08002b18                SDIO_IRQHandler
                0x08002b18                TAMP_STAMP_IRQHandler
                0x08002b18                CAN2_RX1_IRQHandler
                0x08002b18                EXTI3_IRQHandler
                0x08002b18                TIM8_TRG_COM_TIM14_IRQHandler
                0x08002b18                TIM1_UP_TIM10_IRQHandler
                0x08002b18                TIM8_UP_TIM13_IRQHandler
                0x08002b18                I2C3_ER_IRQHandler
                0x08002b18                EXTI0_IRQHandler
                0x08002b18                I2C2_EV_IRQHandler
                0x08002b18                DMA1_Stream2_IRQHandler
                0x08002b18                CAN1_RX0_IRQHandler
                0x08002b18                FPU_IRQHandler
                0x08002b18                OTG_HS_WKUP_IRQHandler
                0x08002b18                CAN2_SCE_IRQHandler
                0x08002b18                DMA2_Stream2_IRQHandler
                0x08002b18                SPI1_IRQHandler
                0x08002b18                TIM1_BRK_TIM9_IRQHandler
                0x08002b18                DCMI_IRQHandler
                0x08002b18                CAN2_RX0_IRQHandler
                0x08002b18                DMA2_Stream3_IRQHandler
                0x08002b18                USART6_IRQHandler
                0x08002b18                CAN1_RX1_IRQHandler
                0x08002b18                UART5_IRQHandler
                0x08002b18                DMA2_Stream0_IRQHandler
                0x08002b18                TIM4_IRQHandler
                0x08002b18                I2C1_EV_IRQHandler
                0x08002b18                DMA1_Stream6_IRQHandler
                0x08002b18                DMA1_Stream1_IRQHandler
                0x08002b18                UART4_IRQHandler
                0x08002b18                TIM3_IRQHandler
                0x08002b18                RCC_IRQHandler
                0x08002b18                TIM8_BRK_TIM12_IRQHandler
                0x08002b18                Default_Handler
                0x08002b18                EXTI15_10_IRQHandler
                0x08002b18                ADC_IRQHandler
                0x08002b18                DMA1_Stream7_IRQHandler
                0x08002b18                TIM7_IRQHandler
                0x08002b18                CAN2_TX_IRQHandler
                0x08002b18                TIM5_IRQHandler
                0x08002b18                DMA2_Stream7_IRQHandler
                0x08002b18                I2C3_EV_IRQHandler
                0x08002b18                EXTI9_5_IRQHandler
                0x08002b18                RTC_WKUP_IRQHandler
                0x08002b18                ETH_WKUP_IRQHandler
                0x08002b18                SPI2_IRQHandler
                0x08002b18                OTG_HS_EP1_IN_IRQHandler
                0x08002b18                DMA1_Stream0_IRQHandler
                0x08002b18                CAN1_TX_IRQHandler
                0x08002b18                EXTI4_IRQHandler
                0x08002b18                FSMC_IRQHandler
                0x08002b18                ETH_IRQHandler
                0x08002b18                OTG_HS_EP1_OUT_IRQHandler
                0x08002b18                WWDG_IRQHandler
                0x08002b18                TIM2_IRQHandler
                0x08002b18                OTG_FS_WKUP_IRQHandler
                0x08002b18                TIM1_TRG_COM_TIM11_IRQHandler
                0x08002b18                OTG_HS_IRQHandler
                0x08002b18                EXTI1_IRQHandler
                0x08002b18                I2C2_ER_IRQHandler
                0x08002b18                DMA2_Stream1_IRQHandler
                0x08002b18                CAN1_SCE_IRQHandler
                0x08002b18                FLASH_IRQHandler
                0x08002b18                DMA2_Stream4_IRQHandler
                0x08002b18                USART1_IRQHandler
                0x08002b18                OTG_FS_IRQHandler
                0x08002b18                SPI3_IRQHandler
                0x08002b18                DMA1_Stream4_IRQHandler
                0x08002b18                I2C1_ER_IRQHandler
                0x08002b18                DMA2_Stream6_IRQHandler
                0x08002b18                RTC_Alarm_IRQHandler
 *fill*         0x08002b1a        0x2 
 .text.HAL_Init
                0x08002b1c       0x44 ./Drivers/STM32F4xx_HAL_Driver/Src/stm32f4xx_hal.o
                0x08002b1c                HAL_Init
 .text.HAL_IncTick
                0x08002b60       0x28 ./Drivers/STM32F4xx_HAL_Driver/Src/stm32f4xx_hal.o
                0x08002b60                HAL_IncTick
 .text.HAL_GetTick
                0x08002b88       0x18 ./Drivers/STM32F4xx_HAL_Driver/Src/stm32f4xx_hal.o
                0x08002b88                HAL_GetTick
 .text.HAL_Delay
                0x08002ba0       0x48 ./Drivers/STM32F4xx_HAL_Driver/Src/stm32f4xx_hal.o
                0x08002ba0                HAL_Delay
 .text.__NVIC_SetPriorityGrouping
                0x08002be8       0x48 ./Drivers/STM32F4xx_HAL_Driver/Src/stm32f4xx_hal_cortex.o
 .text.__NVIC_GetPriorityGrouping
                0x08002c30       0x1c ./Drivers/STM32F4xx_HAL_Driver/Src/stm32f4xx_hal_cortex.o
 .text.__NVIC_EnableIRQ
                0x08002c4c       0x3c ./Drivers/STM32F4xx_HAL_Driver/Src/stm32f4xx_hal_cortex.o
 .text.__NVIC_SetPriority
                0x08002c88       0x54 ./Drivers/STM32F4xx_HAL_Driver/Src/stm32f4xx_hal_cortex.o
 .text.NVIC_EncodePriority
                0x08002cdc       0x66 ./Drivers/STM32F4xx_HAL_Driver/Src/stm32f4xx_hal_cortex.o
 .text.HAL_NVIC_SetPriorityGrouping
                0x08002d42       0x16 ./Drivers/STM32F4xx_HAL_Driver/Src/stm32f4xx_hal_cortex.o
                0x08002d42                HAL_NVIC_SetPriorityGrouping
 .text.HAL_NVIC_SetPriority
                0x08002d58       0x38 ./Drivers/STM32F4xx_HAL_Driver/Src/stm32f4xx_hal_cortex.o
                0x08002d58                HAL_NVIC_SetPriority
 .text.HAL_NVIC_EnableIRQ
                0x08002d90       0x1c ./Drivers/STM32F4xx_HAL_Driver/Src/stm32f4xx_hal_cortex.o
                0x08002d90                HAL_NVIC_EnableIRQ
 .text.HAL_DMA_Abort_IT
                0x08002dac       0x44 ./Drivers/STM32F4xx_HAL_Driver/Src/stm32f4xx_hal_dma.o
                0x08002dac                HAL_DMA_Abort_IT
 .text.HAL_GPIO_Init
                0x08002df0      0x338 ./Drivers/STM32F4xx_HAL_Driver/Src/stm32f4xx_hal_gpio.o
                0x08002df0                HAL_GPIO_Init
 .text.HAL_GPIO_WritePin
                0x08003128       0x32 ./Drivers/STM32F4xx_HAL_Driver/Src/stm32f4xx_hal_gpio.o
                0x08003128                HAL_GPIO_WritePin
 .text.HAL_GPIO_TogglePin
                0x0800315a       0x36 ./Drivers/STM32F4xx_HAL_Driver/Src/stm32f4xx_hal_gpio.o
                0x0800315a                HAL_GPIO_TogglePin
 .text.HAL_I2C_Init
                0x08003190      0x288 ./Drivers/STM32F4xx_HAL_Driver/Src/stm32f4xx_hal_i2c.o
                0x08003190                HAL_I2C_Init
 .text.HAL_I2C_Master_Transmit
                0x08003418      0x1fc ./Drivers/STM32F4xx_HAL_Driver/Src/stm32f4xx_hal_i2c.o
                0x08003418                HAL_I2C_Master_Transmit
 .text.HAL_I2C_IsDeviceReady
                0x08003614      0x25c ./Drivers/STM32F4xx_HAL_Driver/Src/stm32f4xx_hal_i2c.o
                0x08003614                HAL_I2C_IsDeviceReady
 .text.I2C_MasterRequestWrite
                0x08003870      0x104 ./Drivers/STM32F4xx_HAL_Driver/Src/stm32f4xx_hal_i2c.o
 .text.I2C_WaitOnFlagUntilTimeout
                0x08003974       0xae ./Drivers/STM32F4xx_HAL_Driver/Src/stm32f4xx_hal_i2c.o
 .text.I2C_WaitOnMasterAddressFlagUntilTimeout
                0x08003a22       0xfe ./Drivers/STM32F4xx_HAL_Driver/Src/stm32f4xx_hal_i2c.o
 .text.I2C_WaitOnTXEFlagUntilTimeout
                0x08003b20       0x82 ./Drivers/STM32F4xx_HAL_Driver/Src/stm32f4xx_hal_i2c.o
 .text.I2C_WaitOnBTFFlagUntilTimeout
                0x08003ba2       0x82 ./Drivers/STM32F4xx_HAL_Driver/Src/stm32f4xx_hal_i2c.o
 .text.I2C_IsAcknowledgeFailed
                0x08003c24       0x5e ./Drivers/STM32F4xx_HAL_Driver/Src/stm32f4xx_hal_i2c.o
 *fill*         0x08003c82        0x2 
 .text.HAL_RCC_OscConfig
                0x08003c84      0x4dc ./Drivers/STM32F4xx_HAL_Driver/Src/stm32f4xx_hal_rcc.o
                0x08003c84                HAL_RCC_OscConfig
 .text.HAL_RCC_ClockConfig
                0x08004160      0x1cc ./Drivers/STM32F4xx_HAL_Driver/Src/stm32f4xx_hal_rcc.o
                0x08004160                HAL_RCC_ClockConfig
 .text.HAL_RCC_GetSysClockFreq
                0x0800432c      0x20c ./Drivers/STM32F4xx_HAL_Driver/Src/stm32f4xx_hal_rcc.o
                0x0800432c                HAL_RCC_GetSysClockFreq
 .text.HAL_RCC_GetHCLKFreq
                0x08004538       0x18 ./Drivers/STM32F4xx_HAL_Driver/Src/stm32f4xx_hal_rcc.o
                0x08004538                HAL_RCC_GetHCLKFreq
 .text.HAL_RCC_GetPCLK1Freq
                0x08004550       0x28 ./Drivers/STM32F4xx_HAL_Driver/Src/stm32f4xx_hal_rcc.o
                0x08004550                HAL_RCC_GetPCLK1Freq
 .text.HAL_RCC_GetPCLK2Freq
                0x08004578       0x28 ./Drivers/STM32F4xx_HAL_Driver/Src/stm32f4xx_hal_rcc.o
                0x08004578                HAL_RCC_GetPCLK2Freq
 .text.HAL_RCC_GetClockConfig
                0x080045a0       0x64 ./Drivers/STM32F4xx_HAL_Driver/Src/stm32f4xx_hal_rcc.o
                0x080045a0                HAL_RCC_GetClockConfig
 .text.HAL_TIM_Base_Init
                0x08004604       0x56 ./Drivers/STM32F4xx_HAL_Driver/Src/stm32f4xx_hal_tim.o
                0x08004604                HAL_TIM_Base_Init
 .text.HAL_TIM_Base_MspInit
                0x0800465a       0x14 ./Drivers/STM32F4xx_HAL_Driver/Src/stm32f4xx_hal_tim.o
                0x0800465a                HAL_TIM_Base_MspInit
 .text.HAL_TIM_Base_Start_IT
                0x0800466e       0x48 ./Drivers/STM32F4xx_HAL_Driver/Src/stm32f4xx_hal_tim.o
                0x0800466e                HAL_TIM_Base_Start_IT
 .text.HAL_TIM_IRQHandler
                0x080046b6      0x210 ./Drivers/STM32F4xx_HAL_Driver/Src/stm32f4xx_hal_tim.o
                0x080046b6                HAL_TIM_IRQHandler
 .text.HAL_TIM_OC_DelayElapsedCallback
                0x080048c6       0x14 ./Drivers/STM32F4xx_HAL_Driver/Src/stm32f4xx_hal_tim.o
                0x080048c6                HAL_TIM_OC_DelayElapsedCallback
 .text.HAL_TIM_IC_CaptureCallback
                0x080048da       0x14 ./Drivers/STM32F4xx_HAL_Driver/Src/stm32f4xx_hal_tim.o
                0x080048da                HAL_TIM_IC_CaptureCallback
 .text.HAL_TIM_PWM_PulseFinishedCallback
                0x080048ee       0x14 ./Drivers/STM32F4xx_HAL_Driver/Src/stm32f4xx_hal_tim.o
                0x080048ee                HAL_TIM_PWM_PulseFinishedCallback
 .text.HAL_TIM_TriggerCallback
                0x08004902       0x14 ./Drivers/STM32F4xx_HAL_Driver/Src/stm32f4xx_hal_tim.o
                0x08004902                HAL_TIM_TriggerCallback
 *fill*         0x08004916        0x2 
 .text.TIM_Base_SetConfig
                0x08004918      0x140 ./Drivers/STM32F4xx_HAL_Driver/Src/stm32f4xx_hal_tim.o
                0x08004918                TIM_Base_SetConfig
 .text.HAL_TIMEx_CommutCallback
                0x08004a58       0x14 ./Drivers/STM32F4xx_HAL_Driver/Src/stm32f4xx_hal_tim_ex.o
                0x08004a58                HAL_TIMEx_CommutCallback
 .text.HAL_TIMEx_BreakCallback
                0x08004a6c       0x14 ./Drivers/STM32F4xx_HAL_Driver/Src/stm32f4xx_hal_tim_ex.o
                0x08004a6c                HAL_TIMEx_BreakCallback
 .text.HAL_UART_Init
                0x08004a80       0x9a ./Drivers/STM32F4xx_HAL_Driver/Src/stm32f4xx_hal_uart.o
                0x08004a80                HAL_UART_Init
 .text.HAL_UART_Receive_IT
                0x08004b1a       0xaa ./Drivers/STM32F4xx_HAL_Driver/Src/stm32f4xx_hal_uart.o
                0x08004b1a                HAL_UART_Receive_IT
 .text.HAL_UART_IRQHandler
                0x08004bc4      0x200 ./Drivers/STM32F4xx_HAL_Driver/Src/stm32f4xx_hal_uart.o
                0x08004bc4                HAL_UART_IRQHandler
 .text.HAL_UART_TxCpltCallback
                0x08004dc4       0x14 ./Drivers/STM32F4xx_HAL_Driver/Src/stm32f4xx_hal_uart.o
                0x08004dc4                HAL_UART_TxCpltCallback
 .text.HAL_UART_ErrorCallback
                0x08004dd8       0x14 ./Drivers/STM32F4xx_HAL_Driver/Src/stm32f4xx_hal_uart.o
                0x08004dd8                HAL_UART_ErrorCallback
 .text.UART_EndRxTransfer
                0x08004dec       0x3c ./Drivers/STM32F4xx_HAL_Driver/Src/stm32f4xx_hal_uart.o
 .text.UART_DMAAbortOnError
                0x08004e28       0x28 ./Drivers/STM32F4xx_HAL_Driver/Src/stm32f4xx_hal_uart.o
 .text.UART_Transmit_IT
                0x08004e50       0xac ./Drivers/STM32F4xx_HAL_Driver/Src/stm32f4xx_hal_uart.o
 .text.UART_EndTransmit_IT
                0x08004efc       0x30 ./Drivers/STM32F4xx_HAL_Driver/Src/stm32f4xx_hal_uart.o
 .text.UART_Receive_IT
                0x08004f2c      0x102 ./Drivers/STM32F4xx_HAL_Driver/Src/stm32f4xx_hal_uart.o
 *fill*         0x0800502e        0x2 
 .text.UART_SetConfig
                0x08005030      0x9a0 ./Drivers/STM32F4xx_HAL_Driver/Src/stm32f4xx_hal_uart.o
 .text.vListInitialise
                0x080059d0       0x40 ./common/ThirdParty/FreeRTOS/list.o
                0x080059d0                vListInitialise
 .text.vListInitialiseItem
                0x08005a10       0x1a ./common/ThirdParty/FreeRTOS/list.o
                0x08005a10                vListInitialiseItem
 .text.vListInsertEnd
                0x08005a2a       0x48 ./common/ThirdParty/FreeRTOS/list.o
                0x08005a2a                vListInsertEnd
 .text.vListInsert
                0x08005a72       0x72 ./common/ThirdParty/FreeRTOS/list.o
                0x08005a72                vListInsert
 .text.uxListRemove
                0x08005ae4       0x54 ./common/ThirdParty/FreeRTOS/list.o
                0x08005ae4                uxListRemove
 .text.xQueueGenericReset
                0x08005b38       0xd4 ./common/ThirdParty/FreeRTOS/queue.o
                0x08005b38                xQueueGenericReset
 .text.xQueueGenericCreate
                0x08005c0c       0xc4 ./common/ThirdParty/FreeRTOS/queue.o
                0x08005c0c                xQueueGenericCreate
 .text.prvInitialiseNewQueue
                0x08005cd0       0x52 ./common/ThirdParty/FreeRTOS/queue.o
 *fill*         0x08005d22        0x2 
 .text.xQueueGenericSend
                0x08005d24      0x220 ./common/ThirdParty/FreeRTOS/queue.o
                0x08005d24                xQueueGenericSend
 .text.xQueueSemaphoreTake
                0x08005f44      0x24c ./common/ThirdParty/FreeRTOS/queue.o
                0x08005f44                xQueueSemaphoreTake
 .text.prvGetDisinheritPriorityAfterTimeout
                0x08006190       0x30 ./common/ThirdParty/FreeRTOS/queue.o
 .text.prvCopyDataToQueue
                0x080061c0       0xd4 ./common/ThirdParty/FreeRTOS/queue.o
 .text.prvUnlockQueue
                0x08006294       0xa4 ./common/ThirdParty/FreeRTOS/queue.o
 .text.prvIsQueueEmpty
                0x08006338       0x2c ./common/ThirdParty/FreeRTOS/queue.o
 .text.prvIsQueueFull
                0x08006364       0x30 ./common/ThirdParty/FreeRTOS/queue.o
 .text.xTaskCreate
                0x08006394       0x82 ./common/ThirdParty/FreeRTOS/tasks.o
                0x08006394                xTaskCreate
 .text.prvInitialiseNewTask
                0x08006416      0x12e ./common/ThirdParty/FreeRTOS/tasks.o
 .text.prvAddNewTaskToReadyList
                0x08006544      0x118 ./common/ThirdParty/FreeRTOS/tasks.o
 .text.vTaskDelete
                0x0800665c      0x154 ./common/ThirdParty/FreeRTOS/tasks.o
                0x0800665c                vTaskDelete
 .text.xTaskDelayUntil
                0x080067b0      0x108 ./common/ThirdParty/FreeRTOS/tasks.o
                0x080067b0                xTaskDelayUntil
 .text.vTaskStartScheduler
                0x080068b8       0xb8 ./common/ThirdParty/FreeRTOS/tasks.o
                0x080068b8                vTaskStartScheduler
 .text.vTaskSuspendAll
                0x08006970       0x1c ./common/ThirdParty/FreeRTOS/tasks.o
                0x08006970                vTaskSuspendAll
 .text.xTaskResumeAll
                0x0800698c      0x144 ./common/ThirdParty/FreeRTOS/tasks.o
                0x0800698c                xTaskResumeAll
 .text.xTaskGetTickCount
                0x08006ad0       0x20 ./common/ThirdParty/FreeRTOS/tasks.o
                0x08006ad0                xTaskGetTickCount
 .text.xTaskGetTickCountFromISR
                0x08006af0       0x24 ./common/ThirdParty/FreeRTOS/tasks.o
                0x08006af0                xTaskGetTickCountFromISR
 .text.xTaskIncrementTick
                0x08006b14      0x17c ./common/ThirdParty/FreeRTOS/tasks.o
                0x08006b14                xTaskIncrementTick
 .text.vTaskSwitchContext
                0x08006c90       0xd4 ./common/ThirdParty/FreeRTOS/tasks.o
                0x08006c90                vTaskSwitchContext
 .text.vTaskPlaceOnEventList
                0x08006d64       0x4c ./common/ThirdParty/FreeRTOS/tasks.o
                0x08006d64                vTaskPlaceOnEventList
 .text.xTaskRemoveFromEventList
                0x08006db0       0xd0 ./common/ThirdParty/FreeRTOS/tasks.o
                0x08006db0                xTaskRemoveFromEventList
 .text.vTaskInternalSetTimeOutState
                0x08006e80       0x2c ./common/ThirdParty/FreeRTOS/tasks.o
                0x08006e80                vTaskInternalSetTimeOutState
 .text.xTaskCheckForTimeOut
                0x08006eac       0xd0 ./common/ThirdParty/FreeRTOS/tasks.o
                0x08006eac                xTaskCheckForTimeOut
 .text.vTaskMissedYield
                0x08006f7c       0x18 ./common/ThirdParty/FreeRTOS/tasks.o
                0x08006f7c                vTaskMissedYield
 .text.prvIdleTask
                0x08006f94       0x30 ./common/ThirdParty/FreeRTOS/tasks.o
 .text.prvInitialiseTaskLists
                0x08006fc4       0x80 ./common/ThirdParty/FreeRTOS/tasks.o
 .text.prvCheckTasksWaitingTermination
                0x08007044       0x5c ./common/ThirdParty/FreeRTOS/tasks.o
 .text.prvDeleteTCB
                0x080070a0       0x20 ./common/ThirdParty/FreeRTOS/tasks.o
 .text.prvResetNextTaskUnblockTime
                0x080070c0       0x38 ./common/ThirdParty/FreeRTOS/tasks.o
 .text.xTaskPriorityInherit
                0x080070f8       0xf4 ./common/ThirdParty/FreeRTOS/tasks.o
                0x080070f8                xTaskPriorityInherit
 .text.xTaskPriorityDisinherit
                0x080071ec      0x104 ./common/ThirdParty/FreeRTOS/tasks.o
                0x080071ec                xTaskPriorityDisinherit
 .text.vTaskPriorityDisinheritAfterTimeout
                0x080072f0      0x134 ./common/ThirdParty/FreeRTOS/tasks.o
                0x080072f0                vTaskPriorityDisinheritAfterTimeout
 .text.pvTaskIncrementMutexHeldCount
                0x08007424       0x28 ./common/ThirdParty/FreeRTOS/tasks.o
                0x08007424                pvTaskIncrementMutexHeldCount
 .text.prvAddCurrentTaskToDelayedList
                0x0800744c       0xf0 ./common/ThirdParty/FreeRTOS/tasks.o
 .text.pxPortInitialiseStack
                0x0800753c       0x68 ./common/ThirdParty/FreeRTOS/portable/GCC/ARM_CM4F/port.o
                0x0800753c                pxPortInitialiseStack
 .text.prvTaskExitError
                0x080075a4       0x5c ./common/ThirdParty/FreeRTOS/portable/GCC/ARM_CM4F/port.o
 .text.SVC_Handler
                0x08007600       0x28 ./common/ThirdParty/FreeRTOS/portable/GCC/ARM_CM4F/port.o
                0x08007600                SVC_Handler
 .text.prvPortStartFirstTask
                0x08007628       0x2c ./common/ThirdParty/FreeRTOS/portable/GCC/ARM_CM4F/port.o
 .text.xPortStartScheduler
                0x08007654      0x148 ./common/ThirdParty/FreeRTOS/portable/GCC/ARM_CM4F/port.o
                0x08007654                xPortStartScheduler
 .text.vInitPrioGroupValue
                0x0800779c      0x100 ./common/ThirdParty/FreeRTOS/portable/GCC/ARM_CM4F/port.o
                0x0800779c                vInitPrioGroupValue
 .text.vPortEnterCritical
                0x0800789c       0x64 ./common/ThirdParty/FreeRTOS/portable/GCC/ARM_CM4F/port.o
                0x0800789c                vPortEnterCritical
 .text.vPortExitCritical
                0x08007900       0x54 ./common/ThirdParty/FreeRTOS/portable/GCC/ARM_CM4F/port.o
                0x08007900                vPortExitCritical
 *fill*         0x08007954        0xc 
 .text.PendSV_Handler
                0x08007960       0x68 ./common/ThirdParty/FreeRTOS/portable/GCC/ARM_CM4F/port.o
                0x08007960                PendSV_Handler
 .text.SysTick_Handler
                0x080079c8       0x54 ./common/ThirdParty/FreeRTOS/portable/GCC/ARM_CM4F/port.o
                0x080079c8                SysTick_Handler
 .text.vPortSetupTimerInterrupt
                0x08007a1c       0x48 ./common/ThirdParty/FreeRTOS/portable/GCC/ARM_CM4F/port.o
                0x08007a1c                vPortSetupTimerInterrupt
 .text.vPortEnableVFP
                0x08007a64       0x18 ./common/ThirdParty/FreeRTOS/portable/GCC/ARM_CM4F/port.o
 .text.vPortValidateInterruptPriority
                0x08007a7c       0x84 ./common/ThirdParty/FreeRTOS/portable/GCC/ARM_CM4F/port.o
                0x08007a7c                vPortValidateInterruptPriority
 .text.pvPortMalloc
                0x08007b00      0x1c4 ./common/ThirdParty/FreeRTOS/portable/MemMang/heap_4.o
                0x08007b00                pvPortMalloc
 .text.vPortFree
                0x08007cc4       0xc8 ./common/ThirdParty/FreeRTOS/portable/MemMang/heap_4.o
                0x08007cc4                vPortFree
 .text.prvHeapInit
                0x08007d8c       0xc4 ./common/ThirdParty/FreeRTOS/portable/MemMang/heap_4.o
 .text.prvInsertBlockIntoFreeList
                0x08007e50       0xb4 ./common/ThirdParty/FreeRTOS/portable/MemMang/heap_4.o
 .text._cbSendSystemDesc
                0x08007f04       0x1c ./common/ThirdParty/SEGGER/Config/SEGGER_SYSVIEW_Config_FreeRTOS.o
 .text.SEGGER_SYSVIEW_Conf
                0x08007f20       0x2c ./common/ThirdParty/SEGGER/Config/SEGGER_SYSVIEW_Config_FreeRTOS.o
                0x08007f20                SEGGER_SYSVIEW_Conf
 .text._cbSendTaskList
                0x08007f4c       0x90 ./common/ThirdParty/SEGGER/OS/SEGGER_SYSVIEW_FreeRTOS.o
 .text._cbGetTime
                0x08007fdc       0x86 ./common/ThirdParty/SEGGER/OS/SEGGER_SYSVIEW_FreeRTOS.o
 *fill*         0x08008062        0x2 
 .text.SYSVIEW_AddTask
                0x08008064       0xd0 ./common/ThirdParty/SEGGER/OS/SEGGER_SYSVIEW_FreeRTOS.o
                0x08008064                SYSVIEW_AddTask
 .text.SYSVIEW_DeleteTask
                0x08008134      0x178 ./common/ThirdParty/SEGGER/OS/SEGGER_SYSVIEW_FreeRTOS.o
                0x08008134                SYSVIEW_DeleteTask
 .text.SYSVIEW_SendTaskInfo
                0x080082ac       0x42 ./common/ThirdParty/SEGGER/OS/SEGGER_SYSVIEW_FreeRTOS.o
                0x080082ac                SYSVIEW_SendTaskInfo
 *fill*         0x080082ee        0x2 
 .text.__NVIC_EnableIRQ
                0x080082f0       0x3c ./common/ThirdParty/SEGGER/Rec/segger_uart.o
 .text.__NVIC_SetPriority
                0x0800832c       0x54 ./common/ThirdParty/SEGGER/Rec/segger_uart.o
 .text._StartSysView
                0x08008380       0x1e ./common/ThirdParty/SEGGER/Rec/segger_uart.o
 *fill*         0x0800839e        0x2 
 .text._cbOnUARTRx
                0x080083a0       0x40 ./common/ThirdParty/SEGGER/Rec/segger_uart.o
 .text._cbOnUARTTx
                0x080083e0       0x64 ./common/ThirdParty/SEGGER/Rec/segger_uart.o
 .text.SEGGER_UART_init
                0x08008444       0x24 ./common/ThirdParty/SEGGER/Rec/segger_uart.o
                0x08008444                SEGGER_UART_init
 .text.USART2_IRQHandler
                0x08008468       0x94 ./common/ThirdParty/SEGGER/Rec/segger_uart.o
                0x08008468                USART2_IRQHandler
 .text.HIF_UART_EnableTXEInterrupt
                0x080084fc       0x20 ./common/ThirdParty/SEGGER/Rec/segger_uart.o
                0x080084fc                HIF_UART_EnableTXEInterrupt
 .text.HIF_UART_Init
                0x0800851c       0xf4 ./common/ThirdParty/SEGGER/Rec/segger_uart.o
                0x0800851c                HIF_UART_Init
 .text._DoInit  0x08008610       0xb0 ./common/ThirdParty/SEGGER/SEGGER/SEGGER_RTT.o
 .text._WriteBlocking
                0x080086c0       0xba ./common/ThirdParty/SEGGER/SEGGER/SEGGER_RTT.o
 .text._WriteNoCheck
                0x0800877a       0x90 ./common/ThirdParty/SEGGER/SEGGER/SEGGER_RTT.o
 .text._GetAvailWriteSpace
                0x0800880a       0x46 ./common/ThirdParty/SEGGER/SEGGER/SEGGER_RTT.o
 .text.SEGGER_RTT_ReadUpBufferNoLock
                0x08008850      0x10c ./common/ThirdParty/SEGGER/SEGGER/SEGGER_RTT.o
                0x08008850                SEGGER_RTT_ReadUpBufferNoLock
 .text.SEGGER_RTT_ReadNoLock
                0x0800895c      0x10c ./common/ThirdParty/SEGGER/SEGGER/SEGGER_RTT.o
                0x0800895c                SEGGER_RTT_ReadNoLock
 .text.SEGGER_RTT_WriteDownBufferNoLock
                0x08008a68       0xa0 ./common/ThirdParty/SEGGER/SEGGER/SEGGER_RTT.o
                0x08008a68                SEGGER_RTT_WriteDownBufferNoLock
 .text.SEGGER_RTT_WriteDownBuffer
                0x08008b08       0x4c ./common/ThirdParty/SEGGER/SEGGER/SEGGER_RTT.o
                0x08008b08                SEGGER_RTT_WriteDownBuffer
 .text.SEGGER_RTT_AllocUpBuffer
                0x08008b54      0x108 ./common/ThirdParty/SEGGER/SEGGER/SEGGER_RTT.o
                0x08008b54                SEGGER_RTT_AllocUpBuffer
 .text.SEGGER_RTT_ConfigDownBuffer
                0x08008c5c       0xe0 ./common/ThirdParty/SEGGER/SEGGER/SEGGER_RTT.o
                0x08008c5c                SEGGER_RTT_ConfigDownBuffer
 .text._EncodeStr
                0x08008d3c       0x9a ./common/ThirdParty/SEGGER/SEGGER/SEGGER_SYSVIEW.o
 .text._PreparePacket
                0x08008dd6       0x18 ./common/ThirdParty/SEGGER/SEGGER/SEGGER_SYSVIEW.o
 *fill*         0x08008dee        0x2 
 .text._HandleIncomingPacket
                0x08008df0       0xe0 ./common/ThirdParty/SEGGER/SEGGER/SEGGER_SYSVIEW.o
 .text._TrySendOverflowPacket
                0x08008ed0       0xe8 ./common/ThirdParty/SEGGER/SEGGER/SEGGER_SYSVIEW.o
 .text._SendPacket
                0x08008fb8      0x1d0 ./common/ThirdParty/SEGGER/SEGGER/SEGGER_SYSVIEW.o
 .text._StoreChar
                0x08009188       0xf6 ./common/ThirdParty/SEGGER/SEGGER/SEGGER_SYSVIEW.o
 *fill*         0x0800927e        0x2 
 .text._PrintUnsigned
                0x08009280      0x12c ./common/ThirdParty/SEGGER/SEGGER/SEGGER_SYSVIEW.o
 .text._PrintInt
                0x080093ac      0x11e ./common/ThirdParty/SEGGER/SEGGER/SEGGER_SYSVIEW.o
 *fill*         0x080094ca        0x2 
 .text._VPrintTarget
                0x080094cc      0x3f0 ./common/ThirdParty/SEGGER/SEGGER/SEGGER_SYSVIEW.o
 .text.SEGGER_SYSVIEW_Init
                0x080098bc       0x88 ./common/ThirdParty/SEGGER/SEGGER/SEGGER_SYSVIEW.o
                0x080098bc                SEGGER_SYSVIEW_Init
 .text.SEGGER_SYSVIEW_SetRAMBase
                0x08009944       0x20 ./common/ThirdParty/SEGGER/SEGGER/SEGGER_SYSVIEW.o
                0x08009944                SEGGER_SYSVIEW_SetRAMBase
 .text.SEGGER_SYSVIEW_RecordVoid
                0x08009964       0x3c ./common/ThirdParty/SEGGER/SEGGER/SEGGER_SYSVIEW.o
                0x08009964                SEGGER_SYSVIEW_RecordVoid
 .text.SEGGER_SYSVIEW_RecordU32
                0x080099a0       0x78 ./common/ThirdParty/SEGGER/SEGGER/SEGGER_SYSVIEW.o
                0x080099a0                SEGGER_SYSVIEW_RecordU32
 .text.SEGGER_SYSVIEW_RecordU32x2
                0x08009a18       0xb4 ./common/ThirdParty/SEGGER/SEGGER/SEGGER_SYSVIEW.o
                0x08009a18                SEGGER_SYSVIEW_RecordU32x2
 .text.SEGGER_SYSVIEW_RecordU32x3
                0x08009acc       0xec ./common/ThirdParty/SEGGER/SEGGER/SEGGER_SYSVIEW.o
                0x08009acc                SEGGER_SYSVIEW_RecordU32x3
 .text.SEGGER_SYSVIEW_RecordU32x4
                0x08009bb8      0x124 ./common/ThirdParty/SEGGER/SEGGER/SEGGER_SYSVIEW.o
                0x08009bb8                SEGGER_SYSVIEW_RecordU32x4
 .text.SEGGER_SYSVIEW_Start
                0x08009cdc      0x178 ./common/ThirdParty/SEGGER/SEGGER/SEGGER_SYSVIEW.o
                0x08009cdc                SEGGER_SYSVIEW_Start
 .text.SEGGER_SYSVIEW_Stop
                0x08009e54       0x4c ./common/ThirdParty/SEGGER/SEGGER/SEGGER_SYSVIEW.o
                0x08009e54                SEGGER_SYSVIEW_Stop
 .text.SEGGER_SYSVIEW_GetSysDesc
                0x08009ea0      0x134 ./common/ThirdParty/SEGGER/SEGGER/SEGGER_SYSVIEW.o
                0x08009ea0                SEGGER_SYSVIEW_GetSysDesc
 .text.SEGGER_SYSVIEW_SendTaskInfo
                0x08009fd4      0x1c8 ./common/ThirdParty/SEGGER/SEGGER/SEGGER_SYSVIEW.o
                0x08009fd4                SEGGER_SYSVIEW_SendTaskInfo
 .text.SEGGER_SYSVIEW_SendTaskList
                0x0800a19c       0x28 ./common/ThirdParty/SEGGER/SEGGER/SEGGER_SYSVIEW.o
                0x0800a19c                SEGGER_SYSVIEW_SendTaskList
 .text.SEGGER_SYSVIEW_SendSysDesc
                0x0800a1c4       0x48 ./common/ThirdParty/SEGGER/SEGGER/SEGGER_SYSVIEW.o
                0x0800a1c4                SEGGER_SYSVIEW_SendSysDesc
 .text.SEGGER_SYSVIEW_RecordSystime
                0x0800a20c       0x64 ./common/ThirdParty/SEGGER/SEGGER/SEGGER_SYSVIEW.o
                0x0800a20c                SEGGER_SYSVIEW_RecordSystime
 .text.SEGGER_SYSVIEW_RecordEnterISR
                0x0800a270       0x84 ./common/ThirdParty/SEGGER/SEGGER/SEGGER_SYSVIEW.o
                0x0800a270                SEGGER_SYSVIEW_RecordEnterISR
 .text.SEGGER_SYSVIEW_RecordExitISR
                0x0800a2f4       0x38 ./common/ThirdParty/SEGGER/SEGGER/SEGGER_SYSVIEW.o
                0x0800a2f4                SEGGER_SYSVIEW_RecordExitISR
 .text.SEGGER_SYSVIEW_RecordExitISRToScheduler
                0x0800a32c       0x38 ./common/ThirdParty/SEGGER/SEGGER/SEGGER_SYSVIEW.o
                0x0800a32c                SEGGER_SYSVIEW_RecordExitISRToScheduler
 .text.SEGGER_SYSVIEW_OnIdle
                0x0800a364       0x38 ./common/ThirdParty/SEGGER/SEGGER/SEGGER_SYSVIEW.o
                0x0800a364                SEGGER_SYSVIEW_OnIdle
 .text.SEGGER_SYSVIEW_OnTaskCreate
                0x0800a39c       0x84 ./common/ThirdParty/SEGGER/SEGGER/SEGGER_SYSVIEW.o
                0x0800a39c                SEGGER_SYSVIEW_OnTaskCreate
 .text.SEGGER_SYSVIEW_OnTaskStartExec
                0x0800a420       0x84 ./common/ThirdParty/SEGGER/SEGGER/SEGGER_SYSVIEW.o
                0x0800a420                SEGGER_SYSVIEW_OnTaskStartExec
 .text.SEGGER_SYSVIEW_OnTaskStartReady
                0x0800a4a4       0x84 ./common/ThirdParty/SEGGER/SEGGER/SEGGER_SYSVIEW.o
                0x0800a4a4                SEGGER_SYSVIEW_OnTaskStartReady
 .text.SEGGER_SYSVIEW_OnTaskStopReady
                0x0800a528       0xc0 ./common/ThirdParty/SEGGER/SEGGER/SEGGER_SYSVIEW.o
                0x0800a528                SEGGER_SYSVIEW_OnTaskStopReady
 .text.SEGGER_SYSVIEW_ShrinkId
                0x0800a5e8       0x20 ./common/ThirdParty/SEGGER/SEGGER/SEGGER_SYSVIEW.o
                0x0800a5e8                SEGGER_SYSVIEW_ShrinkId
 .text.SEGGER_SYSVIEW_SendModule
                0x0800a608      0x100 ./common/ThirdParty/SEGGER/SEGGER/SEGGER_SYSVIEW.o
                0x0800a608                SEGGER_SYSVIEW_SendModule
 .text.SEGGER_SYSVIEW_SendModuleDescription
                0x0800a708       0x3c ./common/ThirdParty/SEGGER/SEGGER/SEGGER_SYSVIEW.o
                0x0800a708                SEGGER_SYSVIEW_SendModuleDescription
 .text.SEGGER_SYSVIEW_SendNumModules
                0x0800a744       0x7c ./common/ThirdParty/SEGGER/SEGGER/SEGGER_SYSVIEW.o
                0x0800a744                SEGGER_SYSVIEW_SendNumModules
 .text.SEGGER_SYSVIEW_PrintfTarget
                0x0800a7c0       0x28 ./common/ThirdParty/SEGGER/SEGGER/SEGGER_SYSVIEW.o
                0x0800a7c0                SEGGER_SYSVIEW_PrintfTarget
 .text.SEGGER_SYSVIEW_Warn
                0x0800a7e8       0xb8 ./common/ThirdParty/SEGGER/SEGGER/SEGGER_SYSVIEW.o
                0x0800a7e8                SEGGER_SYSVIEW_Warn
 .text.SEGGER_SYSVIEW_IsStarted
                0x0800a8a0       0x5c ./common/ThirdParty/SEGGER/SEGGER/SEGGER_SYSVIEW.o
                0x0800a8a0                SEGGER_SYSVIEW_IsStarted
 .text.strchr   0x0800a8fc       0x1a /Applications/STM32CubeIDE.app/Contents/Eclipse/plugins/com.st.stm32cube.ide.mcu.externaltools.gnu-tools-for-stm32.12.3.rel1.macos64_1.0.200.202406191456/tools/bin/../lib/gcc/arm-none-eabi/12.3.1/../../../../arm-none-eabi/lib/thumb/v7e-m+fp/hard/libc_nano.a(libc_a-strchr.o)
                0x0800a8fc                strchr
 .text.strncmp  0x0800a916       0x24 /Applications/STM32CubeIDE.app/Contents/Eclipse/plugins/com.st.stm32cube.ide.mcu.externaltools.gnu-tools-for-stm32.12.3.rel1.macos64_1.0.200.202406191456/tools/bin/../lib/gcc/arm-none-eabi/12.3.1/../../../../arm-none-eabi/lib/thumb/v7e-m+fp/hard/libc_nano.a(libc_a-strncmp.o)
                0x0800a916                strncmp
 .text.memcmp   0x0800a93a       0x20 /Applications/STM32CubeIDE.app/Contents/Eclipse/plugins/com.st.stm32cube.ide.mcu.externaltools.gnu-tools-for-stm32.12.3.rel1.macos64_1.0.200.202406191456/tools/bin/../lib/gcc/arm-none-eabi/12.3.1/../../../../arm-none-eabi/lib/thumb/v7e-m+fp/hard/libc_nano.a(libc_a-memcmp.o)
                0x0800a93a                memcmp
 .text.memset   0x0800a95a       0x10 /Applications/STM32CubeIDE.app/Contents/Eclipse/plugins/com.st.stm32cube.ide.mcu.externaltools.gnu-tools-for-stm32.12.3.rel1.macos64_1.0.200.202406191456/tools/bin/../lib/gcc/arm-none-eabi/12.3.1/../../../../arm-none-eabi/lib/thumb/v7e-m+fp/hard/libc_nano.a(libc_a-memset.o)
                0x0800a95a                memset
 *fill*         0x0800a96a        0x2 
 .text.__libc_init_array
                0x0800a96c       0x48 /Applications/STM32CubeIDE.app/Contents/Eclipse/plugins/com.st.stm32cube.ide.mcu.externaltools.gnu-tools-for-stm32.12.3.rel1.macos64_1.0.200.202406191456/tools/bin/../lib/gcc/arm-none-eabi/12.3.1/../../../../arm-none-eabi/lib/thumb/v7e-m+fp/hard/libc_nano.a(libc_a-init.o)
                0x0800a96c                __libc_init_array
 .text.memcpy   0x0800a9b4       0x1c /Applications/STM32CubeIDE.app/Contents/Eclipse/plugins/com.st.stm32cube.ide.mcu.externaltools.gnu-tools-for-stm32.12.3.rel1.macos64_1.0.200.202406191456/tools/bin/../lib/gcc/arm-none-eabi/12.3.1/../../../../arm-none-eabi/lib/thumb/v7e-m+fp/hard/libc_nano.a(libc_a-memcpy-stub.o)
                0x0800a9b4                memcpy
 .text.strcpy   0x0800a9d0       0x10 /Applications/STM32CubeIDE.app/Contents/Eclipse/plugins/com.st.stm32cube.ide.mcu.externaltools.gnu-tools-for-stm32.12.3.rel1.macos64_1.0.200.202406191456/tools/bin/../lib/gcc/arm-none-eabi/12.3.1/../../../../arm-none-eabi/lib/thumb/v7e-m+fp/hard/libc_nano.a(libc_a-strcpy.o)
                0x0800a9d0                strcpy
 *(.glue_7)
 .glue_7        0x0800a9e0        0x0 linker stubs
 *(.glue_7t)
 .glue_7t       0x0800a9e0        0x0 linker stubs
 *(.eh_frame)
 .eh_frame      0x0800a9e0        0x0 /Applications/STM32CubeIDE.app/Contents/Eclipse/plugins/com.st.stm32cube.ide.mcu.externaltools.gnu-tools-for-stm32.12.3.rel1.macos64_1.0.200.202406191456/tools/bin/../lib/gcc/arm-none-eabi/12.3.1/thumb/v7e-m+fp/hard/crtbegin.o
 *(.init)
 .init          0x0800a9e0        0x4 /Applications/STM32CubeIDE.app/Contents/Eclipse/plugins/com.st.stm32cube.ide.mcu.externaltools.gnu-tools-for-stm32.12.3.rel1.macos64_1.0.200.202406191456/tools/bin/../lib/gcc/arm-none-eabi/12.3.1/thumb/v7e-m+fp/hard/crti.o
                0x0800a9e0                _init
 .init          0x0800a9e4        0x8 /Applications/STM32CubeIDE.app/Contents/Eclipse/plugins/com.st.stm32cube.ide.mcu.externaltools.gnu-tools-for-stm32.12.3.rel1.macos64_1.0.200.202406191456/tools/bin/../lib/gcc/arm-none-eabi/12.3.1/thumb/v7e-m+fp/hard/crtn.o
 *(.fini)
 .fini          0x0800a9ec        0x4 /Applications/STM32CubeIDE.app/Contents/Eclipse/plugins/com.st.stm32cube.ide.mcu.externaltools.gnu-tools-for-stm32.12.3.rel1.macos64_1.0.200.202406191456/tools/bin/../lib/gcc/arm-none-eabi/12.3.1/thumb/v7e-m+fp/hard/crti.o
                0x0800a9ec                _fini
 .fini          0x0800a9f0        0x8 /Applications/STM32CubeIDE.app/Contents/Eclipse/plugins/com.st.stm32cube.ide.mcu.externaltools.gnu-tools-for-stm32.12.3.rel1.macos64_1.0.200.202406191456/tools/bin/../lib/gcc/arm-none-eabi/12.3.1/thumb/v7e-m+fp/hard/crtn.o
                0x0800a9f8                        . = ALIGN (0x4)
                0x0800a9f8                        _etext = .

.vfp11_veneer   0x0800a9f8        0x0
 .vfp11_veneer  0x0800a9f8        0x0 linker stubs

.v4_bx          0x0800a9f8        0x0
 .v4_bx         0x0800a9f8        0x0 linker stubs

.iplt           0x0800a9f8        0x0
 .iplt          0x0800a9f8        0x0 /Applications/STM32CubeIDE.app/Contents/Eclipse/plugins/com.st.stm32cube.ide.mcu.externaltools.gnu-tools-for-stm32.12.3.rel1.macos64_1.0.200.202406191456/tools/bin/../lib/gcc/arm-none-eabi/12.3.1/thumb/v7e-m+fp/hard/crtbegin.o

.rodata         0x0800a9f8      0x3f0
                0x0800a9f8                        . = ALIGN (0x4)
 *(.rodata)
 .rodata        0x0800a9f8        0xc ./Core/Src/gps_data_extraction.o
 .rodata        0x0800aa04       0x3f ./Core/Src/gps_data_processing.o
 *fill*         0x0800aa43        0x1 
 .rodata        0x0800aa44       0xee ./Core/Src/main.o
 *fill*         0x0800ab32        0x2 
 .rodata        0x0800ab34        0x5 ./common/ThirdParty/FreeRTOS/tasks.o
 *fill*         0x0800ab39        0x3 
 .rodata        0x0800ab3c       0x51 ./common/ThirdParty/SEGGER/Config/SEGGER_SYSVIEW_Config_FreeRTOS.o
 *fill*         0x0800ab8d        0x3 
 .rodata        0x0800ab90       0x58 ./common/ThirdParty/SEGGER/OS/SEGGER_SYSVIEW_FreeRTOS.o
 .rodata        0x0800abe8       0x17 ./common/ThirdParty/SEGGER/SEGGER/SEGGER_RTT.o
 *fill*         0x0800abff        0x1 
 .rodata        0x0800ac00        0x8 ./common/ThirdParty/SEGGER/SEGGER/SEGGER_SYSVIEW.o
 *(.rodata*)
 .rodata.gps_rx_data_example_3
                0x0800ac08      0x19f ./Core/Src/gps_test_data.o
                0x0800ac08                gps_rx_data_example_3
 *fill*         0x0800ada7        0x1 
 .rodata.AHBPrescTable
                0x0800ada8       0x10 ./Core/Src/system_stm32f4xx.o
                0x0800ada8                AHBPrescTable
 .rodata.APBPrescTable
                0x0800adb8        0x8 ./Core/Src/system_stm32f4xx.o
                0x0800adb8                APBPrescTable
 .rodata.SYSVIEW_X_OS_TraceAPI
                0x0800adc0        0x8 ./common/ThirdParty/SEGGER/OS/SEGGER_SYSVIEW_FreeRTOS.o
                0x0800adc0                SYSVIEW_X_OS_TraceAPI
 .rodata._abHelloMsg
                0x0800adc8        0x4 ./common/ThirdParty/SEGGER/Rec/segger_uart.o
 .rodata._abSync
                0x0800adcc        0xa ./common/ThirdParty/SEGGER/SEGGER/SEGGER_SYSVIEW.o
 *fill*         0x0800add6        0x2 
 .rodata._aV2C.0
                0x0800add8       0x10 ./common/ThirdParty/SEGGER/SEGGER/SEGGER_SYSVIEW.o
                0x0800ade8                        . = ALIGN (0x4)

.ARM.extab      0x0800ade8        0x0
                0x0800ade8                        . = ALIGN (0x4)
 *(.ARM.extab* .gnu.linkonce.armextab.*)
                0x0800ade8                        . = ALIGN (0x4)

.ARM            0x0800ade8        0x8
                0x0800ade8                        . = ALIGN (0x4)
                0x0800ade8                        __exidx_start = .
 *(.ARM.exidx*)
 .ARM.exidx     0x0800ade8        0x8 /Applications/STM32CubeIDE.app/Contents/Eclipse/plugins/com.st.stm32cube.ide.mcu.externaltools.gnu-tools-for-stm32.12.3.rel1.macos64_1.0.200.202406191456/tools/bin/../lib/gcc/arm-none-eabi/12.3.1/../../../../arm-none-eabi/lib/thumb/v7e-m+fp/hard/libc_nano.a(libc_a-strlen.o)
 .ARM.exidx     0x0800adf0        0x0 /Applications/STM32CubeIDE.app/Contents/Eclipse/plugins/com.st.stm32cube.ide.mcu.externaltools.gnu-tools-for-stm32.12.3.rel1.macos64_1.0.200.202406191456/tools/bin/../lib/gcc/arm-none-eabi/12.3.1/thumb/v7e-m+fp/hard/libgcc.a(_udivmoddi4.o)
                                  0x8 (size before relaxing)
                0x0800adf0                        __exidx_end = .
                0x0800adf0                        . = ALIGN (0x4)

.rel.dyn        0x0800adf0        0x0
 .rel.iplt      0x0800adf0        0x0 /Applications/STM32CubeIDE.app/Contents/Eclipse/plugins/com.st.stm32cube.ide.mcu.externaltools.gnu-tools-for-stm32.12.3.rel1.macos64_1.0.200.202406191456/tools/bin/../lib/gcc/arm-none-eabi/12.3.1/thumb/v7e-m+fp/hard/crtbegin.o

.preinit_array  0x0800adf0        0x0
                0x0800adf0                        . = ALIGN (0x4)
                0x0800adf0                        PROVIDE (__preinit_array_start = .)
 *(.preinit_array*)
                0x0800adf0                        PROVIDE (__preinit_array_end = .)
                0x0800adf0                        . = ALIGN (0x4)

.init_array     0x0800adf0        0x4
                0x0800adf0                        . = ALIGN (0x4)
                0x0800adf0                        PROVIDE (__init_array_start = .)
 *(SORT_BY_NAME(.init_array.*))
 *(.init_array*)
 .init_array    0x0800adf0        0x4 /Applications/STM32CubeIDE.app/Contents/Eclipse/plugins/com.st.stm32cube.ide.mcu.externaltools.gnu-tools-for-stm32.12.3.rel1.macos64_1.0.200.202406191456/tools/bin/../lib/gcc/arm-none-eabi/12.3.1/thumb/v7e-m+fp/hard/crtbegin.o
                0x0800adf4                        PROVIDE (__init_array_end = .)
                0x0800adf4                        . = ALIGN (0x4)

.fini_array     0x0800adf4        0x4
                0x0800adf4                        . = ALIGN (0x4)
                [!provide]                        PROVIDE (__fini_array_start = .)
 *(SORT_BY_NAME(.fini_array.*))
 *(.fini_array*)
 .fini_array    0x0800adf4        0x4 /Applications/STM32CubeIDE.app/Contents/Eclipse/plugins/com.st.stm32cube.ide.mcu.externaltools.gnu-tools-for-stm32.12.3.rel1.macos64_1.0.200.202406191456/tools/bin/../lib/gcc/arm-none-eabi/12.3.1/thumb/v7e-m+fp/hard/crtbegin.o
                [!provide]                        PROVIDE (__fini_array_end = .)
                0x0800adf8                        . = ALIGN (0x4)
                0x0800adf8                        _sidata = LOADADDR (.data)

.data           0x20000000       0x1c load address 0x0800adf8
                0x20000000                        . = ALIGN (0x4)
                0x20000000                        _sdata = .
 *(.data)
 *(.data*)
 .data.SystemCoreClock
                0x20000000        0x4 ./Core/Src/system_stm32f4xx.o
                0x20000000                SystemCoreClock
 .data.uwTickPrio
                0x20000004        0x4 ./Drivers/STM32F4xx_HAL_Driver/Src/stm32f4xx_hal.o
                0x20000004                uwTickPrio
 .data.uwTickFreq
                0x20000008        0x1 ./Drivers/STM32F4xx_HAL_Driver/Src/stm32f4xx_hal.o
                0x20000008                uwTickFreq
 *fill*         0x20000009        0x3 
 .data.uxTopUsedPriority
                0x2000000c        0x4 ./common/ThirdParty/FreeRTOS/tasks.o
                0x2000000c                uxTopUsedPriority
 .data.uxCriticalNesting
                0x20000010        0x4 ./common/ThirdParty/FreeRTOS/portable/GCC/ARM_CM4F/port.o
 .data._SVInfo  0x20000014        0x8 ./common/ThirdParty/SEGGER/Rec/segger_uart.o
                0x2000001c                        . = ALIGN (0x4)
                0x2000001c                        _edata = .

.igot.plt       0x2000001c        0x0 load address 0x0800ae14
 .igot.plt      0x2000001c        0x0 /Applications/STM32CubeIDE.app/Contents/Eclipse/plugins/com.st.stm32cube.ide.mcu.externaltools.gnu-tools-for-stm32.12.3.rel1.macos64_1.0.200.202406191456/tools/bin/../lib/gcc/arm-none-eabi/12.3.1/thumb/v7e-m+fp/hard/crtbegin.o
                0x2000001c                        . = ALIGN (0x4)

.bss            0x20000020    0x1aaf8 load address 0x0800ae14
                0x20000020                        _sbss = .
                0x20000020                        __bss_start__ = _sbss
 *(.bss)
 .bss           0x20000020       0x1c /Applications/STM32CubeIDE.app/Contents/Eclipse/plugins/com.st.stm32cube.ide.mcu.externaltools.gnu-tools-for-stm32.12.3.rel1.macos64_1.0.200.202406191456/tools/bin/../lib/gcc/arm-none-eabi/12.3.1/thumb/v7e-m+fp/hard/crtbegin.o
 *(.bss*)
 .bss.myI2Chandle
                0x2000003c       0x54 ./Core/Src/STM32F407_I2C_LCD16x02_Driver.o
                0x2000003c                myI2Chandle
 .bss.hgps      0x20000090       0xc0 ./Core/Src/gps_data_extraction.o
                0x20000090                hgps
 .bss.gps_rx_data_test
                0x20000150        0x4 ./Core/Src/gps_data_extraction.o
                0x20000150                gps_rx_data_test
 .bss.hi2c1     0x20000154       0x54 ./Core/Src/main.o
                0x20000154                hi2c1
 .bss.huart3    0x200001a8       0x40 ./Core/Src/main.o
                0x200001a8                huart3
 .bss.gps_raw_data
                0x200001e8      0x101 ./Core/Src/main.o
                0x200001e8                gps_raw_data
 *fill*         0x200002e9        0x1 
 .bss.gps_raw_index
                0x200002ea        0x2 ./Core/Src/main.o
                0x200002ea                gps_raw_index
 .bss.rx_char   0x200002ec        0x1 ./Core/Src/main.o
                0x200002ec                rx_char
 *fill*         0x200002ed        0x3 
 .bss.gps_data  0x200002f0       0x34 ./Core/Src/main.o
 .bss.xBinarySemaphore
                0x20000324        0x4 ./Core/Src/main.o
                0x20000324                xBinarySemaphore
 .bss.htim6     0x20000328       0x40 ./Core/Src/stm32f4xx_hal_timebase_tim.o
                0x20000328                htim6
 .bss.uwTick    0x20000368        0x4 ./Drivers/STM32F4xx_HAL_Driver/Src/stm32f4xx_hal.o
                0x20000368                uwTick
 .bss.pxCurrentTCB
                0x2000036c        0x4 ./common/ThirdParty/FreeRTOS/tasks.o
                0x2000036c                pxCurrentTCB
 .bss.pxReadyTasksLists
                0x20000370       0x64 ./common/ThirdParty/FreeRTOS/tasks.o
 .bss.xDelayedTaskList1
                0x200003d4       0x14 ./common/ThirdParty/FreeRTOS/tasks.o
 .bss.xDelayedTaskList2
                0x200003e8       0x14 ./common/ThirdParty/FreeRTOS/tasks.o
 .bss.pxDelayedTaskList
                0x200003fc        0x4 ./common/ThirdParty/FreeRTOS/tasks.o
 .bss.pxOverflowDelayedTaskList
                0x20000400        0x4 ./common/ThirdParty/FreeRTOS/tasks.o
 .bss.xPendingReadyList
                0x20000404       0x14 ./common/ThirdParty/FreeRTOS/tasks.o
 .bss.xTasksWaitingTermination
                0x20000418       0x14 ./common/ThirdParty/FreeRTOS/tasks.o
 .bss.uxDeletedTasksWaitingCleanUp
                0x2000042c        0x4 ./common/ThirdParty/FreeRTOS/tasks.o
 .bss.xSuspendedTaskList
                0x20000430       0x14 ./common/ThirdParty/FreeRTOS/tasks.o
 .bss.uxCurrentNumberOfTasks
                0x20000444        0x4 ./common/ThirdParty/FreeRTOS/tasks.o
 .bss.xTickCount
                0x20000448        0x4 ./common/ThirdParty/FreeRTOS/tasks.o
 .bss.uxTopReadyPriority
                0x2000044c        0x4 ./common/ThirdParty/FreeRTOS/tasks.o
 .bss.xSchedulerRunning
                0x20000450        0x4 ./common/ThirdParty/FreeRTOS/tasks.o
 .bss.xPendedTicks
                0x20000454        0x4 ./common/ThirdParty/FreeRTOS/tasks.o
 .bss.xYieldPending
                0x20000458        0x4 ./common/ThirdParty/FreeRTOS/tasks.o
 .bss.xNumOfOverflows
                0x2000045c        0x4 ./common/ThirdParty/FreeRTOS/tasks.o
 .bss.uxTaskNumber
                0x20000460        0x4 ./common/ThirdParty/FreeRTOS/tasks.o
 .bss.xNextTaskUnblockTime
                0x20000464        0x4 ./common/ThirdParty/FreeRTOS/tasks.o
 .bss.xIdleTaskHandle
                0x20000468        0x4 ./common/ThirdParty/FreeRTOS/tasks.o
 .bss.uxSchedulerSuspended
                0x2000046c        0x4 ./common/ThirdParty/FreeRTOS/tasks.o
 .bss.ucMaxSysCallPriority
                0x20000470        0x1 ./common/ThirdParty/FreeRTOS/portable/GCC/ARM_CM4F/port.o
 *fill*         0x20000471        0x3 
 .bss.ulMaxPRIGROUPValue
                0x20000474        0x4 ./common/ThirdParty/FreeRTOS/portable/GCC/ARM_CM4F/port.o
 .bss.ucHeap    0x20000478    0x19000 ./common/ThirdParty/FreeRTOS/portable/MemMang/heap_4.o
 .bss.xStart    0x20019478        0x8 ./common/ThirdParty/FreeRTOS/portable/MemMang/heap_4.o
 .bss.pxEnd     0x20019480        0x4 ./common/ThirdParty/FreeRTOS/portable/MemMang/heap_4.o
 .bss.xFreeBytesRemaining
                0x20019484        0x4 ./common/ThirdParty/FreeRTOS/portable/MemMang/heap_4.o
 .bss.xMinimumEverFreeBytesRemaining
                0x20019488        0x4 ./common/ThirdParty/FreeRTOS/portable/MemMang/heap_4.o
 .bss.xNumberOfSuccessfulAllocations
                0x2001948c        0x4 ./common/ThirdParty/FreeRTOS/portable/MemMang/heap_4.o
 .bss.xNumberOfSuccessfulFrees
                0x20019490        0x4 ./common/ThirdParty/FreeRTOS/portable/MemMang/heap_4.o
 .bss.xBlockAllocatedBit
                0x20019494        0x4 ./common/ThirdParty/FreeRTOS/portable/MemMang/heap_4.o
 .bss._aTasks   0x20019498       0xa0 ./common/ThirdParty/SEGGER/OS/SEGGER_SYSVIEW_FreeRTOS.o
 .bss._NumTasks
                0x20019538        0x4 ./common/ThirdParty/SEGGER/OS/SEGGER_SYSVIEW_FreeRTOS.o
 .bss._cbOnRx   0x2001953c        0x4 ./common/ThirdParty/SEGGER/Rec/segger_uart.o
 .bss._cbOnTx   0x20019540        0x4 ./common/ThirdParty/SEGGER/Rec/segger_uart.o
 .bss._SEGGER_RTT
                0x20019544       0xa8 ./common/ThirdParty/SEGGER/SEGGER/SEGGER_RTT.o
                0x20019544                _SEGGER_RTT
 .bss._acUpBuffer
                0x200195ec      0x400 ./common/ThirdParty/SEGGER/SEGGER/SEGGER_RTT.o
 .bss._acDownBuffer
                0x200199ec       0x10 ./common/ThirdParty/SEGGER/SEGGER/SEGGER_RTT.o
 .bss._UpBuffer
                0x200199fc     0x1000 ./common/ThirdParty/SEGGER/SEGGER/SEGGER_SYSVIEW.o
 .bss._DownBuffer
                0x2001a9fc        0x8 ./common/ThirdParty/SEGGER/SEGGER/SEGGER_SYSVIEW.o
 .bss._SYSVIEW_Globals
                0x2001aa04       0x28 ./common/ThirdParty/SEGGER/SEGGER/SEGGER_SYSVIEW.o
 .bss._pFirstModule
                0x2001aa2c        0x4 ./common/ThirdParty/SEGGER/SEGGER/SEGGER_SYSVIEW.o
 .bss._NumModules
                0x2001aa30        0x1 ./common/ThirdParty/SEGGER/SEGGER/SEGGER_SYSVIEW.o
 *fill*         0x2001aa31        0x3 
 .bss._aPacket  0x2001aa34       0xe3 ./common/ThirdParty/SEGGER/SEGGER/SEGGER_SYSVIEW.o
 *(COMMON)
                0x2001ab18                        . = ALIGN (0x4)
 *fill*         0x2001ab17        0x1 
                0x2001ab18                        _ebss = .
                0x2001ab18                        __bss_end__ = _ebss

._user_heap_stack
                0x2001ab18      0x600 load address 0x0800ae14
                0x2001ab18                        . = ALIGN (0x8)
                0x2001ab18                        PROVIDE (end = .)
                [!provide]                        PROVIDE (_end = .)
                0x2001ad18                        . = (. + _Min_Heap_Size)
 *fill*         0x2001ab18      0x200 
                0x2001b118                        . = (. + _Min_Stack_Size)
 *fill*         0x2001ad18      0x400 
                0x2001b118                        . = ALIGN (0x8)

/DISCARD/
 libc.a(*)
 libm.a(*)
 libgcc.a(*)

.ARM.attributes
                0x00000000       0x30
 *(.ARM.attributes)
 .ARM.attributes
                0x00000000       0x22 /Applications/STM32CubeIDE.app/Contents/Eclipse/plugins/com.st.stm32cube.ide.mcu.externaltools.gnu-tools-for-stm32.12.3.rel1.macos64_1.0.200.202406191456/tools/bin/../lib/gcc/arm-none-eabi/12.3.1/thumb/v7e-m+fp/hard/crti.o
 .ARM.attributes
                0x00000022       0x34 /Applications/STM32CubeIDE.app/Contents/Eclipse/plugins/com.st.stm32cube.ide.mcu.externaltools.gnu-tools-for-stm32.12.3.rel1.macos64_1.0.200.202406191456/tools/bin/../lib/gcc/arm-none-eabi/12.3.1/thumb/v7e-m+fp/hard/crtbegin.o
 .ARM.attributes
                0x00000056       0x34 ./Core/Src/STM32F407_I2C_LCD16x02_Driver.o
 .ARM.attributes
                0x0000008a       0x34 ./Core/Src/gps_data_extraction.o
 .ARM.attributes
                0x000000be       0x34 ./Core/Src/gps_data_format.o
 .ARM.attributes
                0x000000f2       0x34 ./Core/Src/gps_data_processing.o
 .ARM.attributes
                0x00000126       0x34 ./Core/Src/gps_test_data.o
 .ARM.attributes
                0x0000015a       0x34 ./Core/Src/main.o
 .ARM.attributes
                0x0000018e       0x34 ./Core/Src/stm32f4xx_hal_msp.o
 .ARM.attributes
                0x000001c2       0x34 ./Core/Src/stm32f4xx_hal_timebase_tim.o
 .ARM.attributes
                0x000001f6       0x34 ./Core/Src/stm32f4xx_it.o
 .ARM.attributes
                0x0000022a       0x34 ./Core/Src/system_stm32f4xx.o
 .ARM.attributes
                0x0000025e       0x21 ./Core/Startup/startup_stm32f407vgtx.o
 .ARM.attributes
                0x0000027f       0x34 ./Drivers/STM32F4xx_HAL_Driver/Src/stm32f4xx_hal.o
 .ARM.attributes
                0x000002b3       0x34 ./Drivers/STM32F4xx_HAL_Driver/Src/stm32f4xx_hal_cortex.o
 .ARM.attributes
                0x000002e7       0x34 ./Drivers/STM32F4xx_HAL_Driver/Src/stm32f4xx_hal_dma.o
 .ARM.attributes
                0x0000031b       0x34 ./Drivers/STM32F4xx_HAL_Driver/Src/stm32f4xx_hal_gpio.o
 .ARM.attributes
                0x0000034f       0x34 ./Drivers/STM32F4xx_HAL_Driver/Src/stm32f4xx_hal_i2c.o
 .ARM.attributes
                0x00000383       0x34 ./Drivers/STM32F4xx_HAL_Driver/Src/stm32f4xx_hal_rcc.o
 .ARM.attributes
                0x000003b7       0x34 ./Drivers/STM32F4xx_HAL_Driver/Src/stm32f4xx_hal_tim.o
 .ARM.attributes
                0x000003eb       0x34 ./Drivers/STM32F4xx_HAL_Driver/Src/stm32f4xx_hal_tim_ex.o
 .ARM.attributes
                0x0000041f       0x34 ./Drivers/STM32F4xx_HAL_Driver/Src/stm32f4xx_hal_uart.o
 .ARM.attributes
                0x00000453       0x34 ./common/ThirdParty/FreeRTOS/list.o
 .ARM.attributes
                0x00000487       0x34 ./common/ThirdParty/FreeRTOS/queue.o
 .ARM.attributes
                0x000004bb       0x34 ./common/ThirdParty/FreeRTOS/tasks.o
 .ARM.attributes
                0x000004ef       0x34 ./common/ThirdParty/FreeRTOS/portable/GCC/ARM_CM4F/port.o
 .ARM.attributes
                0x00000523       0x34 ./common/ThirdParty/FreeRTOS/portable/MemMang/heap_4.o
 .ARM.attributes
                0x00000557       0x34 ./common/ThirdParty/SEGGER/Config/SEGGER_SYSVIEW_Config_FreeRTOS.o
 .ARM.attributes
                0x0000058b       0x34 ./common/ThirdParty/SEGGER/OS/SEGGER_SYSVIEW_FreeRTOS.o
 .ARM.attributes
                0x000005bf       0x34 ./common/ThirdParty/SEGGER/Rec/segger_uart.o
 .ARM.attributes
                0x000005f3       0x34 ./common/ThirdParty/SEGGER/SEGGER/SEGGER_RTT.o
 .ARM.attributes
                0x00000627       0x20 ./common/ThirdParty/SEGGER/SEGGER/SEGGER_RTT_ASM_ARMv7M.o
 .ARM.attributes
                0x00000647       0x34 ./common/ThirdParty/SEGGER/SEGGER/SEGGER_SYSVIEW.o
 .ARM.attributes
                0x0000067b       0x34 /Applications/STM32CubeIDE.app/Contents/Eclipse/plugins/com.st.stm32cube.ide.mcu.externaltools.gnu-tools-for-stm32.12.3.rel1.macos64_1.0.200.202406191456/tools/bin/../lib/gcc/arm-none-eabi/12.3.1/../../../../arm-none-eabi/lib/thumb/v7e-m+fp/hard/libc_nano.a(libc_a-strchr.o)
 .ARM.attributes
                0x000006af       0x34 /Applications/STM32CubeIDE.app/Contents/Eclipse/plugins/com.st.stm32cube.ide.mcu.externaltools.gnu-tools-for-stm32.12.3.rel1.macos64_1.0.200.202406191456/tools/bin/../lib/gcc/arm-none-eabi/12.3.1/../../../../arm-none-eabi/lib/thumb/v7e-m+fp/hard/libc_nano.a(libc_a-strncmp.o)
 .ARM.attributes
                0x000006e3       0x34 /Applications/STM32CubeIDE.app/Contents/Eclipse/plugins/com.st.stm32cube.ide.mcu.externaltools.gnu-tools-for-stm32.12.3.rel1.macos64_1.0.200.202406191456/tools/bin/../lib/gcc/arm-none-eabi/12.3.1/../../../../arm-none-eabi/lib/thumb/v7e-m+fp/hard/libc_nano.a(libc_a-memcmp.o)
 .ARM.attributes
                0x00000717       0x34 /Applications/STM32CubeIDE.app/Contents/Eclipse/plugins/com.st.stm32cube.ide.mcu.externaltools.gnu-tools-for-stm32.12.3.rel1.macos64_1.0.200.202406191456/tools/bin/../lib/gcc/arm-none-eabi/12.3.1/../../../../arm-none-eabi/lib/thumb/v7e-m+fp/hard/libc_nano.a(libc_a-memset.o)
 .ARM.attributes
                0x0000074b       0x34 /Applications/STM32CubeIDE.app/Contents/Eclipse/plugins/com.st.stm32cube.ide.mcu.externaltools.gnu-tools-for-stm32.12.3.rel1.macos64_1.0.200.202406191456/tools/bin/../lib/gcc/arm-none-eabi/12.3.1/../../../../arm-none-eabi/lib/thumb/v7e-m+fp/hard/libc_nano.a(libc_a-init.o)
 .ARM.attributes
                0x0000077f       0x34 /Applications/STM32CubeIDE.app/Contents/Eclipse/plugins/com.st.stm32cube.ide.mcu.externaltools.gnu-tools-for-stm32.12.3.rel1.macos64_1.0.200.202406191456/tools/bin/../lib/gcc/arm-none-eabi/12.3.1/../../../../arm-none-eabi/lib/thumb/v7e-m+fp/hard/libc_nano.a(libc_a-memcpy-stub.o)
 .ARM.attributes
                0x000007b3       0x17 /Applications/STM32CubeIDE.app/Contents/Eclipse/plugins/com.st.stm32cube.ide.mcu.externaltools.gnu-tools-for-stm32.12.3.rel1.macos64_1.0.200.202406191456/tools/bin/../lib/gcc/arm-none-eabi/12.3.1/../../../../arm-none-eabi/lib/thumb/v7e-m+fp/hard/libc_nano.a(libc_a-strlen.o)
 .ARM.attributes
                0x000007ca       0x34 /Applications/STM32CubeIDE.app/Contents/Eclipse/plugins/com.st.stm32cube.ide.mcu.externaltools.gnu-tools-for-stm32.12.3.rel1.macos64_1.0.200.202406191456/tools/bin/../lib/gcc/arm-none-eabi/12.3.1/../../../../arm-none-eabi/lib/thumb/v7e-m+fp/hard/libc_nano.a(libc_a-strcpy.o)
 .ARM.attributes
                0x000007fe       0x22 /Applications/STM32CubeIDE.app/Contents/Eclipse/plugins/com.st.stm32cube.ide.mcu.externaltools.gnu-tools-for-stm32.12.3.rel1.macos64_1.0.200.202406191456/tools/bin/../lib/gcc/arm-none-eabi/12.3.1/thumb/v7e-m+fp/hard/libgcc.a(_arm_addsubdf3.o)
 .ARM.attributes
                0x00000820       0x22 /Applications/STM32CubeIDE.app/Contents/Eclipse/plugins/com.st.stm32cube.ide.mcu.externaltools.gnu-tools-for-stm32.12.3.rel1.macos64_1.0.200.202406191456/tools/bin/../lib/gcc/arm-none-eabi/12.3.1/thumb/v7e-m+fp/hard/libgcc.a(_arm_muldivdf3.o)
 .ARM.attributes
                0x00000842       0x22 /Applications/STM32CubeIDE.app/Contents/Eclipse/plugins/com.st.stm32cube.ide.mcu.externaltools.gnu-tools-for-stm32.12.3.rel1.macos64_1.0.200.202406191456/tools/bin/../lib/gcc/arm-none-eabi/12.3.1/thumb/v7e-m+fp/hard/libgcc.a(_arm_fixdfsi.o)
 .ARM.attributes
                0x00000864       0x22 /Applications/STM32CubeIDE.app/Contents/Eclipse/plugins/com.st.stm32cube.ide.mcu.externaltools.gnu-tools-for-stm32.12.3.rel1.macos64_1.0.200.202406191456/tools/bin/../lib/gcc/arm-none-eabi/12.3.1/thumb/v7e-m+fp/hard/libgcc.a(_arm_truncdfsf2.o)
 .ARM.attributes
                0x00000886       0x22 /Applications/STM32CubeIDE.app/Contents/Eclipse/plugins/com.st.stm32cube.ide.mcu.externaltools.gnu-tools-for-stm32.12.3.rel1.macos64_1.0.200.202406191456/tools/bin/../lib/gcc/arm-none-eabi/12.3.1/thumb/v7e-m+fp/hard/libgcc.a(_aeabi_uldivmod.o)
 .ARM.attributes
                0x000008a8       0x34 /Applications/STM32CubeIDE.app/Contents/Eclipse/plugins/com.st.stm32cube.ide.mcu.externaltools.gnu-tools-for-stm32.12.3.rel1.macos64_1.0.200.202406191456/tools/bin/../lib/gcc/arm-none-eabi/12.3.1/thumb/v7e-m+fp/hard/libgcc.a(_udivmoddi4.o)
 .ARM.attributes
                0x000008dc       0x22 /Applications/STM32CubeIDE.app/Contents/Eclipse/plugins/com.st.stm32cube.ide.mcu.externaltools.gnu-tools-for-stm32.12.3.rel1.macos64_1.0.200.202406191456/tools/bin/../lib/gcc/arm-none-eabi/12.3.1/thumb/v7e-m+fp/hard/libgcc.a(_dvmd_tls.o)
 .ARM.attributes
                0x000008fe       0x22 /Applications/STM32CubeIDE.app/Contents/Eclipse/plugins/com.st.stm32cube.ide.mcu.externaltools.gnu-tools-for-stm32.12.3.rel1.macos64_1.0.200.202406191456/tools/bin/../lib/gcc/arm-none-eabi/12.3.1/thumb/v7e-m+fp/hard/crtn.o
OUTPUT(LCD_GPS_Tasks_004.elf elf32-littlearm)
LOAD linker stubs
LOAD /Applications/STM32CubeIDE.app/Contents/Eclipse/plugins/com.st.stm32cube.ide.mcu.externaltools.gnu-tools-for-stm32.12.3.rel1.macos64_1.0.200.202406191456/tools/bin/../lib/gcc/arm-none-eabi/12.3.1/../../../../arm-none-eabi/lib/thumb/v7e-m+fp/hard/libc.a
LOAD /Applications/STM32CubeIDE.app/Contents/Eclipse/plugins/com.st.stm32cube.ide.mcu.externaltools.gnu-tools-for-stm32.12.3.rel1.macos64_1.0.200.202406191456/tools/bin/../lib/gcc/arm-none-eabi/12.3.1/../../../../arm-none-eabi/lib/thumb/v7e-m+fp/hard/libm.a
LOAD /Applications/STM32CubeIDE.app/Contents/Eclipse/plugins/com.st.stm32cube.ide.mcu.externaltools.gnu-tools-for-stm32.12.3.rel1.macos64_1.0.200.202406191456/tools/bin/../lib/gcc/arm-none-eabi/12.3.1/thumb/v7e-m+fp/hard/libgcc.a

.debug_info     0x00000000    0x19190
 .debug_info    0x00000000      0x9e3 ./Core/Src/STM32F407_I2C_LCD16x02_Driver.o
 .debug_info    0x000009e3      0x5d2 ./Core/Src/gps_data_extraction.o
 .debug_info    0x00000fb5      0x28d ./Core/Src/gps_data_format.o
 .debug_info    0x00001242      0x87d ./Core/Src/gps_data_processing.o
 .debug_info    0x00001abf      0x10c ./Core/Src/gps_test_data.o
 .debug_info    0x00001bcb     0x1700 ./Core/Src/main.o
 .debug_info    0x000032cb      0xe3b ./Core/Src/stm32f4xx_hal_msp.o
 .debug_info    0x00004106      0xb29 ./Core/Src/stm32f4xx_hal_timebase_tim.o
 .debug_info    0x00004c2f      0x870 ./Core/Src/stm32f4xx_it.o
 .debug_info    0x0000549f      0x512 ./Core/Src/system_stm32f4xx.o
 .debug_info    0x000059b1       0x30 ./Core/Startup/startup_stm32f407vgtx.o
 .debug_info    0x000059e1      0x948 ./Drivers/STM32F4xx_HAL_Driver/Src/stm32f4xx_hal.o
 .debug_info    0x00006329      0xd46 ./Drivers/STM32F4xx_HAL_Driver/Src/stm32f4xx_hal_cortex.o
 .debug_info    0x0000706f      0x8e7 ./Drivers/STM32F4xx_HAL_Driver/Src/stm32f4xx_hal_dma.o
 .debug_info    0x00007956      0x6b4 ./Drivers/STM32F4xx_HAL_Driver/Src/stm32f4xx_hal_gpio.o
 .debug_info    0x0000800a     0x2359 ./Drivers/STM32F4xx_HAL_Driver/Src/stm32f4xx_hal_i2c.o
 .debug_info    0x0000a363      0x8b1 ./Drivers/STM32F4xx_HAL_Driver/Src/stm32f4xx_hal_rcc.o
 .debug_info    0x0000ac14     0x2447 ./Drivers/STM32F4xx_HAL_Driver/Src/stm32f4xx_hal_tim.o
 .debug_info    0x0000d05b     0x118e ./Drivers/STM32F4xx_HAL_Driver/Src/stm32f4xx_hal_tim_ex.o
 .debug_info    0x0000e1e9     0x11fd ./Drivers/STM32F4xx_HAL_Driver/Src/stm32f4xx_hal_uart.o
 .debug_info    0x0000f3e6      0x2af ./common/ThirdParty/FreeRTOS/list.o
 .debug_info    0x0000f695     0x1786 ./common/ThirdParty/FreeRTOS/queue.o
 .debug_info    0x00010e1b     0x21bb ./common/ThirdParty/FreeRTOS/tasks.o
 .debug_info    0x00012fd6      0x59d ./common/ThirdParty/FreeRTOS/portable/GCC/ARM_CM4F/port.o
 .debug_info    0x00013573      0x4d5 ./common/ThirdParty/FreeRTOS/portable/MemMang/heap_4.o
 .debug_info    0x00013a48      0x173 ./common/ThirdParty/SEGGER/Config/SEGGER_SYSVIEW_Config_FreeRTOS.o
 .debug_info    0x00013bbb      0x411 ./common/ThirdParty/SEGGER/OS/SEGGER_SYSVIEW_FreeRTOS.o
 .debug_info    0x00013fcc      0x8a4 ./common/ThirdParty/SEGGER/Rec/segger_uart.o
 .debug_info    0x00014870     0x13d7 ./common/ThirdParty/SEGGER/SEGGER/SEGGER_RTT.o
 .debug_info    0x00015c47       0x25 ./common/ThirdParty/SEGGER/SEGGER/SEGGER_RTT_ASM_ARMv7M.o
 .debug_info    0x00015c6c     0x3524 ./common/ThirdParty/SEGGER/SEGGER/SEGGER_SYSVIEW.o

.debug_abbrev   0x00000000     0x3e20
 .debug_abbrev  0x00000000      0x1ef ./Core/Src/STM32F407_I2C_LCD16x02_Driver.o
 .debug_abbrev  0x000001ef      0x19a ./Core/Src/gps_data_extraction.o
 .debug_abbrev  0x00000389      0x112 ./Core/Src/gps_data_format.o
 .debug_abbrev  0x0000049b      0x22a ./Core/Src/gps_data_processing.o
 .debug_abbrev  0x000006c5       0x77 ./Core/Src/gps_test_data.o
 .debug_abbrev  0x0000073c      0x350 ./Core/Src/main.o
 .debug_abbrev  0x00000a8c      0x1d8 ./Core/Src/stm32f4xx_hal_msp.o
 .debug_abbrev  0x00000c64      0x1e1 ./Core/Src/stm32f4xx_hal_timebase_tim.o
 .debug_abbrev  0x00000e45      0x182 ./Core/Src/stm32f4xx_it.o
 .debug_abbrev  0x00000fc7      0x11a ./Core/Src/system_stm32f4xx.o
 .debug_abbrev  0x000010e1       0x24 ./Core/Startup/startup_stm32f407vgtx.o
 .debug_abbrev  0x00001105      0x213 ./Drivers/STM32F4xx_HAL_Driver/Src/stm32f4xx_hal.o
 .debug_abbrev  0x00001318      0x327 ./Drivers/STM32F4xx_HAL_Driver/Src/stm32f4xx_hal_cortex.o
 .debug_abbrev  0x0000163f      0x264 ./Drivers/STM32F4xx_HAL_Driver/Src/stm32f4xx_hal_dma.o
 .debug_abbrev  0x000018a3      0x1d4 ./Drivers/STM32F4xx_HAL_Driver/Src/stm32f4xx_hal_gpio.o
 .debug_abbrev  0x00001a77      0x2ac ./Drivers/STM32F4xx_HAL_Driver/Src/stm32f4xx_hal_i2c.o
 .debug_abbrev  0x00001d23      0x2b6 ./Drivers/STM32F4xx_HAL_Driver/Src/stm32f4xx_hal_rcc.o
 .debug_abbrev  0x00001fd9      0x271 ./Drivers/STM32F4xx_HAL_Driver/Src/stm32f4xx_hal_tim.o
 .debug_abbrev  0x0000224a      0x261 ./Drivers/STM32F4xx_HAL_Driver/Src/stm32f4xx_hal_tim_ex.o
 .debug_abbrev  0x000024ab      0x288 ./Drivers/STM32F4xx_HAL_Driver/Src/stm32f4xx_hal_uart.o
 .debug_abbrev  0x00002733       0xf5 ./common/ThirdParty/FreeRTOS/list.o
 .debug_abbrev  0x00002828      0x321 ./common/ThirdParty/FreeRTOS/queue.o
 .debug_abbrev  0x00002b49      0x39b ./common/ThirdParty/FreeRTOS/tasks.o
 .debug_abbrev  0x00002ee4      0x25a ./common/ThirdParty/FreeRTOS/portable/GCC/ARM_CM4F/port.o
 .debug_abbrev  0x0000313e      0x21e ./common/ThirdParty/FreeRTOS/portable/MemMang/heap_4.o
 .debug_abbrev  0x0000335c       0xdf ./common/ThirdParty/SEGGER/Config/SEGGER_SYSVIEW_Config_FreeRTOS.o
 .debug_abbrev  0x0000343b      0x1a4 ./common/ThirdParty/SEGGER/OS/SEGGER_SYSVIEW_FreeRTOS.o
 .debug_abbrev  0x000035df      0x28c ./common/ThirdParty/SEGGER/Rec/segger_uart.o
 .debug_abbrev  0x0000386b      0x258 ./common/ThirdParty/SEGGER/SEGGER/SEGGER_RTT.o
 .debug_abbrev  0x00003ac3       0x14 ./common/ThirdParty/SEGGER/SEGGER/SEGGER_RTT_ASM_ARMv7M.o
 .debug_abbrev  0x00003ad7      0x349 ./common/ThirdParty/SEGGER/SEGGER/SEGGER_SYSVIEW.o

.debug_aranges  0x00000000     0x18a0
 .debug_aranges
                0x00000000       0x60 ./Core/Src/STM32F407_I2C_LCD16x02_Driver.o
 .debug_aranges
                0x00000060       0x20 ./Core/Src/gps_data_extraction.o
 .debug_aranges
                0x00000080       0x30 ./Core/Src/gps_data_format.o
 .debug_aranges
                0x000000b0       0x68 ./Core/Src/gps_data_processing.o
 .debug_aranges
                0x00000118       0x18 ./Core/Src/gps_test_data.o
 .debug_aranges
                0x00000130       0x90 ./Core/Src/main.o
 .debug_aranges
                0x000001c0       0x40 ./Core/Src/stm32f4xx_hal_msp.o
 .debug_aranges
                0x00000200       0x30 ./Core/Src/stm32f4xx_hal_timebase_tim.o
 .debug_aranges
                0x00000230       0x58 ./Core/Src/stm32f4xx_it.o
 .debug_aranges
                0x00000288       0x28 ./Core/Src/system_stm32f4xx.o
 .debug_aranges
                0x000002b0       0x28 ./Core/Startup/startup_stm32f407vgtx.o
 .debug_aranges
                0x000002d8       0xf0 ./Drivers/STM32F4xx_HAL_Driver/Src/stm32f4xx_hal.o
 .debug_aranges
                0x000003c8      0x118 ./Drivers/STM32F4xx_HAL_Driver/Src/stm32f4xx_hal_cortex.o
 .debug_aranges
                0x000004e0       0x90 ./Drivers/STM32F4xx_HAL_Driver/Src/stm32f4xx_hal_dma.o
 .debug_aranges
                0x00000570       0x58 ./Drivers/STM32F4xx_HAL_Driver/Src/stm32f4xx_hal_gpio.o
 .debug_aranges
                0x000005c8      0x298 ./Drivers/STM32F4xx_HAL_Driver/Src/stm32f4xx_hal_i2c.o
 .debug_aranges
                0x00000860       0x88 ./Drivers/STM32F4xx_HAL_Driver/Src/stm32f4xx_hal_rcc.o
 .debug_aranges
                0x000008e8      0x3a8 ./Drivers/STM32F4xx_HAL_Driver/Src/stm32f4xx_hal_tim.o
 .debug_aranges
                0x00000c90      0x150 ./Drivers/STM32F4xx_HAL_Driver/Src/stm32f4xx_hal_tim_ex.o
 .debug_aranges
                0x00000de0      0x1d0 ./Drivers/STM32F4xx_HAL_Driver/Src/stm32f4xx_hal_uart.o
 .debug_aranges
                0x00000fb0       0x40 ./common/ThirdParty/FreeRTOS/list.o
 .debug_aranges
                0x00000ff0      0x128 ./common/ThirdParty/FreeRTOS/queue.o
 .debug_aranges
                0x00001118      0x1f8 ./common/ThirdParty/FreeRTOS/tasks.o
 .debug_aranges
                0x00001310       0x88 ./common/ThirdParty/FreeRTOS/portable/GCC/ARM_CM4F/port.o
 .debug_aranges
                0x00001398       0x58 ./common/ThirdParty/FreeRTOS/portable/MemMang/heap_4.o
 .debug_aranges
                0x000013f0       0x28 ./common/ThirdParty/SEGGER/Config/SEGGER_SYSVIEW_Config_FreeRTOS.o
 .debug_aranges
                0x00001418       0x48 ./common/ThirdParty/SEGGER/OS/SEGGER_SYSVIEW_FreeRTOS.o
 .debug_aranges
                0x00001460       0x68 ./common/ThirdParty/SEGGER/Rec/segger_uart.o
 .debug_aranges
                0x000014c8      0x138 ./common/ThirdParty/SEGGER/SEGGER/SEGGER_RTT.o
 .debug_aranges
                0x00001600       0x20 ./common/ThirdParty/SEGGER/SEGGER/SEGGER_RTT_ASM_ARMv7M.o
 .debug_aranges
                0x00001620      0x280 ./common/ThirdParty/SEGGER/SEGGER/SEGGER_SYSVIEW.o

.debug_rnglists
                0x00000000     0x12f5
 .debug_rnglists
                0x00000000       0x46 ./Core/Src/STM32F407_I2C_LCD16x02_Driver.o
 .debug_rnglists
                0x00000046       0x14 ./Core/Src/gps_data_extraction.o
 .debug_rnglists
                0x0000005a       0x21 ./Core/Src/gps_data_format.o
 .debug_rnglists
                0x0000007b       0x52 ./Core/Src/gps_data_processing.o
 .debug_rnglists
                0x000000cd       0x6b ./Core/Src/main.o
 .debug_rnglists
                0x00000138       0x2d ./Core/Src/stm32f4xx_hal_msp.o
 .debug_rnglists
                0x00000165       0x20 ./Core/Src/stm32f4xx_hal_timebase_tim.o
 .debug_rnglists
                0x00000185       0x3d ./Core/Src/stm32f4xx_it.o
 .debug_rnglists
                0x000001c2       0x1a ./Core/Src/system_stm32f4xx.o
 .debug_rnglists
                0x000001dc       0x19 ./Core/Startup/startup_stm32f407vgtx.o
 .debug_rnglists
                0x000001f5       0xaf ./Drivers/STM32F4xx_HAL_Driver/Src/stm32f4xx_hal.o
 .debug_rnglists
                0x000002a4       0xce ./Drivers/STM32F4xx_HAL_Driver/Src/stm32f4xx_hal_cortex.o
 .debug_rnglists
                0x00000372       0x70 ./Drivers/STM32F4xx_HAL_Driver/Src/stm32f4xx_hal_dma.o
 .debug_rnglists
                0x000003e2       0x3f ./Drivers/STM32F4xx_HAL_Driver/Src/stm32f4xx_hal_gpio.o
 .debug_rnglists
                0x00000421      0x234 ./Drivers/STM32F4xx_HAL_Driver/Src/stm32f4xx_hal_i2c.o
 .debug_rnglists
                0x00000655       0x66 ./Drivers/STM32F4xx_HAL_Driver/Src/stm32f4xx_hal_rcc.o
 .debug_rnglists
                0x000006bb      0x2e6 ./Drivers/STM32F4xx_HAL_Driver/Src/stm32f4xx_hal_tim.o
 .debug_rnglists
                0x000009a1      0x10a ./Drivers/STM32F4xx_HAL_Driver/Src/stm32f4xx_hal_tim_ex.o
 .debug_rnglists
                0x00000aab      0x170 ./Drivers/STM32F4xx_HAL_Driver/Src/stm32f4xx_hal_uart.o
 .debug_rnglists
                0x00000c1b       0x2b ./common/ThirdParty/FreeRTOS/list.o
 .debug_rnglists
                0x00000c46       0xe5 ./common/ThirdParty/FreeRTOS/queue.o
 .debug_rnglists
                0x00000d2b      0x193 ./common/ThirdParty/FreeRTOS/tasks.o
 .debug_rnglists
                0x00000ebe       0x64 ./common/ThirdParty/FreeRTOS/portable/GCC/ARM_CM4F/port.o
 .debug_rnglists
                0x00000f22       0x42 ./common/ThirdParty/FreeRTOS/portable/MemMang/heap_4.o
 .debug_rnglists
                0x00000f64       0x19 ./common/ThirdParty/SEGGER/Config/SEGGER_SYSVIEW_Config_FreeRTOS.o
 .debug_rnglists
                0x00000f7d       0x36 ./common/ThirdParty/SEGGER/OS/SEGGER_SYSVIEW_FreeRTOS.o
 .debug_rnglists
                0x00000fb3       0x4b ./common/ThirdParty/SEGGER/Rec/segger_uart.o
 .debug_rnglists
                0x00000ffe       0xf5 ./common/ThirdParty/SEGGER/SEGGER/SEGGER_RTT.o
 .debug_rnglists
                0x000010f3      0x202 ./common/ThirdParty/SEGGER/SEGGER/SEGGER_SYSVIEW.o

.debug_macro    0x00000000    0x25376
 .debug_macro   0x00000000      0x1f1 ./Core/Src/STM32F407_I2C_LCD16x02_Driver.o
 .debug_macro   0x000001f1      0xab4 ./Core/Src/STM32F407_I2C_LCD16x02_Driver.o
 .debug_macro   0x00000ca5      0x190 ./Core/Src/STM32F407_I2C_LCD16x02_Driver.o
 .debug_macro   0x00000e35       0x32 ./Core/Src/STM32F407_I2C_LCD16x02_Driver.o
 .debug_macro   0x00000e67       0x2f ./Core/Src/STM32F407_I2C_LCD16x02_Driver.o
 .debug_macro   0x00000e96       0x22 ./Core/Src/STM32F407_I2C_LCD16x02_Driver.o
 .debug_macro   0x00000eb8       0x8e ./Core/Src/STM32F407_I2C_LCD16x02_Driver.o
 .debug_macro   0x00000f46       0x51 ./Core/Src/STM32F407_I2C_LCD16x02_Driver.o
 .debug_macro   0x00000f97      0x103 ./Core/Src/STM32F407_I2C_LCD16x02_Driver.o
 .debug_macro   0x0000109a       0x6a ./Core/Src/STM32F407_I2C_LCD16x02_Driver.o
 .debug_macro   0x00001104      0x1df ./Core/Src/STM32F407_I2C_LCD16x02_Driver.o
 .debug_macro   0x000012e3       0x1c ./Core/Src/STM32F407_I2C_LCD16x02_Driver.o
 .debug_macro   0x000012ff       0x22 ./Core/Src/STM32F407_I2C_LCD16x02_Driver.o
 .debug_macro   0x00001321       0xd9 ./Core/Src/STM32F407_I2C_LCD16x02_Driver.o
 .debug_macro   0x000013fa     0x102d ./Core/Src/STM32F407_I2C_LCD16x02_Driver.o
 .debug_macro   0x00002427      0x11f ./Core/Src/STM32F407_I2C_LCD16x02_Driver.o
 .debug_macro   0x00002546    0x15e3c ./Core/Src/STM32F407_I2C_LCD16x02_Driver.o
 .debug_macro   0x00018382       0x43 ./Core/Src/STM32F407_I2C_LCD16x02_Driver.o
 .debug_macro   0x000183c5     0x3652 ./Core/Src/STM32F407_I2C_LCD16x02_Driver.o
 .debug_macro   0x0001ba17      0x189 ./Core/Src/STM32F407_I2C_LCD16x02_Driver.o
 .debug_macro   0x0001bba0       0x5a ./Core/Src/STM32F407_I2C_LCD16x02_Driver.o
 .debug_macro   0x0001bbfa      0x96b ./Core/Src/STM32F407_I2C_LCD16x02_Driver.o
 .debug_macro   0x0001c565      0x9fe ./Core/Src/STM32F407_I2C_LCD16x02_Driver.o
 .debug_macro   0x0001cf63      0x174 ./Core/Src/STM32F407_I2C_LCD16x02_Driver.o
 .debug_macro   0x0001d0d7      0x117 ./Core/Src/STM32F407_I2C_LCD16x02_Driver.o
 .debug_macro   0x0001d1ee      0x13e ./Core/Src/STM32F407_I2C_LCD16x02_Driver.o
 .debug_macro   0x0001d32c       0x27 ./Core/Src/STM32F407_I2C_LCD16x02_Driver.o
 .debug_macro   0x0001d353      0x287 ./Core/Src/STM32F407_I2C_LCD16x02_Driver.o
 .debug_macro   0x0001d5da       0x5f ./Core/Src/STM32F407_I2C_LCD16x02_Driver.o
 .debug_macro   0x0001d639      0x236 ./Core/Src/STM32F407_I2C_LCD16x02_Driver.o
 .debug_macro   0x0001d86f      0x12c ./Core/Src/STM32F407_I2C_LCD16x02_Driver.o
 .debug_macro   0x0001d99b      0x21e ./Core/Src/STM32F407_I2C_LCD16x02_Driver.o
 .debug_macro   0x0001dbb9       0x2e ./Core/Src/STM32F407_I2C_LCD16x02_Driver.o
 .debug_macro   0x0001dbe7      0x1b5 ./Core/Src/STM32F407_I2C_LCD16x02_Driver.o
 .debug_macro   0x0001dd9c       0xd6 ./Core/Src/STM32F407_I2C_LCD16x02_Driver.o
 .debug_macro   0x0001de72      0x11a ./Core/Src/STM32F407_I2C_LCD16x02_Driver.o
 .debug_macro   0x0001df8c       0x7e ./Core/Src/STM32F407_I2C_LCD16x02_Driver.o
 .debug_macro   0x0001e00a       0x89 ./Core/Src/STM32F407_I2C_LCD16x02_Driver.o
 .debug_macro   0x0001e093      0x8a0 ./Core/Src/STM32F407_I2C_LCD16x02_Driver.o
 .debug_macro   0x0001e933       0x47 ./Core/Src/STM32F407_I2C_LCD16x02_Driver.o
 .debug_macro   0x0001e97a      0x287 ./Core/Src/STM32F407_I2C_LCD16x02_Driver.o
 .debug_macro   0x0001ec01      0x12d ./Core/Src/STM32F407_I2C_LCD16x02_Driver.o
 .debug_macro   0x0001ed2e       0x76 ./Core/Src/STM32F407_I2C_LCD16x02_Driver.o
 .debug_macro   0x0001eda4      0x1d6 ./Core/Src/gps_data_extraction.o
 .debug_macro   0x0001ef7a       0x5b ./Core/Src/gps_data_extraction.o
 .debug_macro   0x0001efd5       0x2a ./Core/Src/gps_data_extraction.o