../Core/Src/STM32F407_I2C_LCD16x02_Driver.c:48:13:I2C_Config	16	static
../Core/Src/STM32F407_I2C_LCD16x02_Driver.c:73:6:LCD_Send_Cmd	32	static
../Core/Src/STM32F407_I2C_LCD16x02_Driver.c:114:6:LCD_Send_Data	32	static
../Core/Src/STM32F407_I2C_LCD16x02_Driver.c:154:6:LCD_Init	8	static
../Core/Src/STM32F407_I2C_LCD16x02_Driver.c:195:6:LCD_Send_String	16	static
../Core/Src/STM32F407_I2C_LCD16x02_Driver.c:210:6:LCD_Clear_Then_Display	16	static
../Core/Src/STM32F407_I2C_LCD16x02_Driver.c:223:6:LCD_Send_String_On_Line1	16	static
../Core/Src/STM32F407_I2C_LCD16x02_Driver.c:235:6:LCD_Send_String_On_Line2	16	static
../Core/Src/STM32F407_I2C_LCD16x02_Driver.c:247:6:LCD_Display_Long_Message	32	static
